###############################################################################
#                                                                             #
# IAR ELF Linker V6.30.1.53127/W32 for ARM              08/Aug/2012  13:48:29 #
# Copyright 2007-2011 IAR Systems AB.                                         #
#                                                                             #
#    Output file  =  C:\Users\Guilherme\Workspace\BR-RTOS                     #
#                    (trunk)\demo\stm32f10x\Debug\Exe\demo.out                #
#    Map file     =  C:\Users\Guilherme\Workspace\BR-RTOS                     #
#                    (trunk)\demo\stm32f10x\Debug\List\demo.map               #
#    Command line =  "C:\Users\Guilherme\Workspace\BR-RTOS                    #
#                    (trunk)\demo\stm32f10x\Debug\Obj\board.o"                #
#                    "C:\Users\Guilherme\Workspace\BR-RTOS                    #
#                    (trunk)\demo\stm32f10x\Debug\Obj\demo.o"                 #
#                    "C:\Users\Guilherme\Workspace\BR-RTOS                    #
#                    (trunk)\demo\stm32f10x\Debug\Obj\device.o"               #
#                    "C:\Users\Guilherme\Workspace\BR-RTOS                    #
#                    (trunk)\demo\stm32f10x\Debug\Obj\heap.o"                 #
#                    "C:\Users\Guilherme\Workspace\BR-RTOS                    #
#                    (trunk)\demo\stm32f10x\Debug\Obj\iar_port.o"             #
#                    "C:\Users\Guilherme\Workspace\BR-RTOS                    #
#                    (trunk)\demo\stm32f10x\Debug\Obj\iar_port_asm.o"         #
#                    "C:\Users\Guilherme\Workspace\BR-RTOS                    #
#                    (trunk)\demo\stm32f10x\Debug\Obj\ipc.o"                  #
#                    "C:\Users\Guilherme\Workspace\BR-RTOS                    #
#                    (trunk)\demo\stm32f10x\Debug\Obj\list.o"                 #
#                    "C:\Users\Guilherme\Workspace\BR-RTOS                    #
#                    (trunk)\demo\stm32f10x\Debug\Obj\misc.o"                 #
#                    "C:\Users\Guilherme\Workspace\BR-RTOS                    #
#                    (trunk)\demo\stm32f10x\Debug\Obj\object.o"               #
#                    "C:\Users\Guilherme\Workspace\BR-RTOS                    #
#                    (trunk)\demo\stm32f10x\Debug\Obj\startup.o"              #
#                    "C:\Users\Guilherme\Workspace\BR-RTOS                    #
#                    (trunk)\demo\stm32f10x\Debug\Obj\stm32f10x_adc.o"        #
#                    "C:\Users\Guilherme\Workspace\BR-RTOS                    #
#                    (trunk)\demo\stm32f10x\Debug\Obj\stm32f10x_bkp.o"        #
#                    "C:\Users\Guilherme\Workspace\BR-RTOS                    #
#                    (trunk)\demo\stm32f10x\Debug\Obj\stm32f10x_can.o"        #
#                    "C:\Users\Guilherme\Workspace\BR-RTOS                    #
#                    (trunk)\demo\stm32f10x\Debug\Obj\stm32f10x_cec.o"        #
#                    "C:\Users\Guilherme\Workspace\BR-RTOS                    #
#                    (trunk)\demo\stm32f10x\Debug\Obj\stm32f10x_crc.o"        #
#                    "C:\Users\Guilherme\Workspace\BR-RTOS                    #
#                    (trunk)\demo\stm32f10x\Debug\Obj\stm32f10x_dac.o"        #
#                    "C:\Users\Guilherme\Workspace\BR-RTOS                    #
#                    (trunk)\demo\stm32f10x\Debug\Obj\stm32f10x_dbgmcu.o"     #
#                    "C:\Users\Guilherme\Workspace\BR-RTOS                    #
#                    (trunk)\demo\stm32f10x\Debug\Obj\stm32f10x_dma.o"        #
#                    "C:\Users\Guilherme\Workspace\BR-RTOS                    #
#                    (trunk)\demo\stm32f10x\Debug\Obj\stm32f10x_exti.o"       #
#                    "C:\Users\Guilherme\Workspace\BR-RTOS                    #
#                    (trunk)\demo\stm32f10x\Debug\Obj\stm32f10x_flash.o"      #
#                    "C:\Users\Guilherme\Workspace\BR-RTOS                    #
#                    (trunk)\demo\stm32f10x\Debug\Obj\stm32f10x_fsmc.o"       #
#                    "C:\Users\Guilherme\Workspace\BR-RTOS                    #
#                    (trunk)\demo\stm32f10x\Debug\Obj\stm32f10x_gpio.o"       #
#                    "C:\Users\Guilherme\Workspace\BR-RTOS                    #
#                    (trunk)\demo\stm32f10x\Debug\Obj\stm32f10x_i2c.o"        #
#                    "C:\Users\Guilherme\Workspace\BR-RTOS                    #
#                    (trunk)\demo\stm32f10x\Debug\Obj\stm32f10x_it.o"         #
#                    "C:\Users\Guilherme\Workspace\BR-RTOS                    #
#                    (trunk)\demo\stm32f10x\Debug\Obj\stm32f10x_iwdg.o"       #
#                    "C:\Users\Guilherme\Workspace\BR-RTOS                    #
#                    (trunk)\demo\stm32f10x\Debug\Obj\stm32f10x_pwr.o"        #
#                    "C:\Users\Guilherme\Workspace\BR-RTOS                    #
#                    (trunk)\demo\stm32f10x\Debug\Obj\stm32f10x_rcc.o"        #
#                    "C:\Users\Guilherme\Workspace\BR-RTOS                    #
#                    (trunk)\demo\stm32f10x\Debug\Obj\stm32f10x_rtc.o"        #
#                    "C:\Users\Guilherme\Workspace\BR-RTOS                    #
#                    (trunk)\demo\stm32f10x\Debug\Obj\stm32f10x_sdio.o"       #
#                    "C:\Users\Guilherme\Workspace\BR-RTOS                    #
#                    (trunk)\demo\stm32f10x\Debug\Obj\stm32f10x_spi.o"        #
#                    "C:\Users\Guilherme\Workspace\BR-RTOS                    #
#                    (trunk)\demo\stm32f10x\Debug\Obj\stm32f10x_tim.o"        #
#                    "C:\Users\Guilherme\Workspace\BR-RTOS                    #
#                    (trunk)\demo\stm32f10x\Debug\Obj\stm32f10x_usart.o"      #
#                    "C:\Users\Guilherme\Workspace\BR-RTOS                    #
#                    (trunk)\demo\stm32f10x\Debug\Obj\stm32f10x_wwdg.o"       #
#                    "C:\Users\Guilherme\Workspace\BR-RTOS                    #
#                    (trunk)\demo\stm32f10x\Debug\Obj\system_stm32f10x.o"     #
#                    "C:\Users\Guilherme\Workspace\BR-RTOS                    #
#                    (trunk)\demo\stm32f10x\Debug\Obj\task.o"                 #
#                    "C:\Users\Guilherme\Workspace\BR-RTOS                    #
#                    (trunk)\demo\stm32f10x\Debug\Obj\timer.o"                #
#                    "C:\Users\Guilherme\Workspace\BR-RTOS                    #
#                    (trunk)\demo\stm32f10x\Debug\Obj\usart.o" -o             #
#                    "C:\Users\Guilherme\Workspace\BR-RTOS                    #
#                    (trunk)\demo\stm32f10x\Debug\Exe\demo.out" --map         #
#                    "C:\Users\Guilherme\Workspace\BR-RTOS                    #
#                    (trunk)\demo\stm32f10x\Debug\List\demo.map" --config     #
#                    "C:\Users\Guilherme\Workspace\BR-RTOS                    #
#                    (trunk)\demo\stm32f10x\demo.icf" --semihosting --entry   #
#                    __iar_program_start --vfe                                #
#                                                                             #
#                                                                             #
###############################################################################

*******************************************************************************
*** RUNTIME MODEL ATTRIBUTES
***

CppFlavor       = *
__SystemLibrary = DLib


*******************************************************************************
*** PLACEMENT SUMMARY
***

"A1":  place at 0x08000000 { ro section .intvec };
"P1":  place in [from 0x08000000 to 0x0801fbff] { ro };
"P2":  place in [from 0x20000000 to 0x20001fff] { rw, block CSTACK, block HEAP };

  Section            Kind        Address    Size  Object
  -------            ----        -------    ----  ------
"A1":                                      0x130
  .intvec            const    0x08000000   0x130  stm32f10x_it.o [1]
                            - 0x08000130   0x130

"P1":                                     0x18f4
  .text              ro code  0x08000130   0x33c  task.o [1]
  .text              ro code  0x0800046c    0x6a  list.o [1]
  .text              ro code  0x080004d6    0x2e  copy_init3.o [4]
  .text              ro code  0x08000504   0x150  iar_port.o [1]
  .text              ro code  0x08000654    0x4c  heap.o [1]
  .text              ro code  0x080006a0    0xcc  object.o [1]
  .text              ro code  0x0800076c    0x14  task.o [1]
  .text              ro code  0x08000780    0x6c  strncpy.o [4]
  CODE               ro code  0x080007ec    0x78  iar_port_asm.o [1]
  .text              ro code  0x08000864   0x24c  timer.o [1]
  .text              ro code  0x08000ab0    0x2a  strncmp.o [3]
  .text              ro code  0x08000ada    0x22  zero_init3.o [4]
  .text              ro code  0x08000afc    0x66  ABImemset.o [4]
  .text              ro code  0x08000b64   0x320  usart.o [1]
  .text              ro code  0x08000e84   0x216  stm32f10x_usart.o [1]
  .text              ro code  0x0800109c   0x16c  stm32f10x_rcc.o [1]
  .text              ro code  0x08001208    0xee  stm32f10x_gpio.o [1]
  .text              ro code  0x080012f8    0x78  misc.o [1]
  .text              ro code  0x08001370   0x140  device.o [1]
  .text              ro code  0x080014b0   0x18c  demo.o [1]
  .text              ro code  0x0800163c   0x168  ipc.o [1]
  .text              ro code  0x080017a4    0x72  startup.o [1]
  .text              ro code  0x08001816    0x14  board.o [1]
  .text              ro code  0x0800182c    0x2c  data_init3.o [4]
  .iar.init_table    const    0x08001858    0x24  - Linker created -
  .text              ro code  0x0800187c    0x16  stm32f10x_it.o [1]
  .text              ro code  0x08001894    0x16  cmain.o [4]
  .text              ro code  0x080018aa     0x4  low_level_init.o [3]
  .text              ro code  0x080018ae     0x4  exit.o [3]
  .text              ro code  0x080018b4     0xa  cexit.o [4]
  .text              ro code  0x080018c0    0x14  exit.o [5]
  .rodata            const    0x080018d4     0xc  demo.o [1]
  .rodata            const    0x080018e0     0xc  demo.o [1]
  .rodata            const    0x080018ec     0xc  demo.o [1]
  .rodata            const    0x080018f8     0xc  startup.o [1]
  .text              ro code  0x08001904     0xc  cstartup_M.o [4]
  .rodata            const    0x08001910     0x8  demo.o [1]
  .rodata            const    0x08001918     0x8  demo.o [1]
  .rodata            const    0x08001920     0x8  demo.o [1]
  .rodata            const    0x08001928     0x8  demo.o [1]
  .rodata            const    0x08001930     0x8  startup.o [1]
  .rodata            const    0x08001938     0x8  usart.o [1]
  .rodata            const    0x08001940     0x8  usart.o [1]
  .rodata            const    0x08001948     0x8  usart.o [1]
  .rodata            const    0x08001950     0x0  bwt_init3c.o [4]
  Initializer bytes  ro data  0x08001950    0xd4  <for P2 s0>
                            - 0x08001a24  0x18f4

"P2", part 1 of 3:                          0xd4
  P2 s0                       0x20000000    0xd4  <Init block>
    .data            inited   0x20000000    0x2c  usart.o [1]
    .data            inited   0x2000002c    0x2c  usart.o [1]
    .data            inited   0x20000058    0x2c  usart.o [1]
    .data            inited   0x20000084    0x10  stm32f10x_rcc.o [1]
    .data            inited   0x20000094    0x10  usart.o [1]
    .data            inited   0x200000a4    0x10  usart.o [1]
    .data            inited   0x200000b4    0x10  usart.o [1]
    .data            inited   0x200000c4     0x4  heap.o [1]
    .data            inited   0x200000c8     0x4  heap.o [1]
    .data            inited   0x200000cc     0x4  stm32f10x_rcc.o [1]
    .data            inited   0x200000d0     0x1  task.o [1]
                            - 0x200000d4    0xd4

"P2", part 2 of 3:                         0x9d4
  .bss               zero     0x200000d4   0x800  heap.o [1]
  .bss               zero     0x200008d4    0x64  usart.o [1]
  .bss               zero     0x20000938    0x64  usart.o [1]
  .bss               zero     0x2000099c    0x64  usart.o [1]
  .bss               zero     0x20000a00    0x28  task.o [1]
  .bss               zero     0x20000a28    0x20  device.o [1]
  .bss               zero     0x20000a48    0x20  object.o [1]
  .bss               zero     0x20000a68     0x8  task.o [1]
  .bss               zero     0x20000a70     0x8  task.o [1]
  .bss               zero     0x20000a78     0x8  timer.o [1]
  .bss               zero     0x20000a80     0x8  timer.o [1]
  .bss               zero     0x20000a88     0x4  demo.o [1]
  .bss               zero     0x20000a8c     0x4  demo.o [1]
  .bss               zero     0x20000a90     0x4  demo.o [1]
  .bss               zero     0x20000a94     0x4  demo.o [1]
  .bss               zero     0x20000a98     0x4  task.o [1]
  .bss               zero     0x20000a9c     0x4  timer.o [1]
  .bss               zero     0x20000aa0     0x1  iar_port.o [1]
                            - 0x20000aa1   0x9cd

"P2", part 3 of 3:                         0x800
  CSTACK                      0x20000aa8   0x800  <Block>
    CSTACK           uninit   0x20000aa8   0x800  <Block tail>
                            - 0x200012a8   0x800


*******************************************************************************
*** INIT TABLE
***

          Address     Size
          -------     ----
Zero (__iar_zero_init3)
    1 destination range, total size 0x9cd:
          0x200000d4  0x9cd

Copy (__iar_copy_init3)
    1 source range, total size 0xd4 (101% of destination):
          0x08001950   0xd4
    1 destination range, total size 0xd1:
          0x20000000   0xd1



*******************************************************************************
*** MODULE SUMMARY
***

    Module             ro code  ro data  rw data
    ------             -------  -------  -------
C:\Users\Guilherme\Workspace\BR-RTOS (trunk)\demo\stm32f10x\Debug\Obj: [1]
    board.o                 20
    demo.o                 396       68       16
    device.o               320                32
    heap.o                  76        8    2 056
    iar_port.o             336                 1
    iar_port_asm.o         120
    ipc.o                  360
    list.o                 106
    misc.o                 120
    object.o               204                32
    startup.o              114       20
    stm32f10x_gpio.o       238
    stm32f10x_it.o          22      304
    stm32f10x_rcc.o        364       20       20
    stm32f10x_usart.o      534
    task.o                 848        1       61
    timer.o                588                20
    usart.o                800      204      480
    --------------------------------------------
    Total:               5 566      625    2 718

command line: [2]
    --------------------------------------------
    Total:

dl7M_tln.a: [3]
    exit.o                   4
    low_level_init.o         4
    strncmp.o               42
    --------------------------------------------
    Total:                  50

rt7M_tl.a: [4]
    ABImemset.o            102
    bwt_init3c.o
    cexit.o                 10
    cmain.o                 22
    copy_init3.o            46
    cstartup_M.o            12
    data_init3.o            44
    strncpy.o              108
    zero_init3.o            34
    --------------------------------------------
    Total:                 378

shb_l.a: [5]
    exit.o                  20
    --------------------------------------------
    Total:                  20

    Gaps                    14                 3
    Linker created                   39    2 048
------------------------------------------------
    Grand Total:         6 028      664    4 769


*******************************************************************************
*** ENTRY LIST
***

Entry                      Address   Size  Type      Object
-----                      -------   ----  ----      ------
?main                   0x08001895         Code  Gb  cmain.o [4]
ADCPrescTable           0x200000cc    0x4  Data  Lc  stm32f10x_rcc.o [1]
APBAHBPrescTable        0x20000084   0x10  Data  Lc  stm32f10x_rcc.o [1]
BR_AppInit              0x080015b5   0x4c  Code  Gb  demo.o [1]
BR_DeviceFind           0x08001431   0x22  Code  Gb  device.o [1]
BR_DeviceOpen           0x08001455   0x2a  Code  Gb  device.o [1]
BR_DeviceRegister       0x080013c9   0x62  Code  Gb  device.o [1]
BR_DeviceWrite          0x08001481   0x30  Code  Gb  device.o [1]
BR_IpcMutexAcquire      0x08001679   0x92  Code  Gb  ipc.o [1]
BR_IpcMutexCreate       0x0800163d   0x3a  Code  Gb  ipc.o [1]
BR_IpcMutexRelease      0x0800170d   0x8a  Code  Gb  ipc.o [1]
BR_MemAlloc             0x08000655   0x4c  Code  Gb  heap.o [1]
BR_TaskCreate           0x08000281  0x10a  Code  Gb  task.o [1]
BR_TaskResume           0x080003bf   0x5c  Code  Gb  task.o [1]
BR_TaskSuspend          0x0800038b   0x34  Code  Gb  task.o [1]
BR_TaskWait             0x0800041b   0x3c  Code  Gb  task.o [1]
BR_TimerControl         0x080009d5   0x9a  Code  Gb  timer.o [1]
BR_TimerCreate          0x08000925   0xb0  Code  Gb  timer.o [1]
BR_TimerStart           0x08000a71   0x34  Code  Gb  timer.o [1]
BusFault_Handler        0x0800188d    0x2  Code  Gb  stm32f10x_it.o [1]
CSTACK$$Base            0x20000aa8          --   Gb  - Linker created -
CSTACK$$Limit           0x200012a8          --   Gb  - Linker created -
DebugMon_Handler        0x08001891    0x2  Code  Gb  stm32f10x_it.o [1]
GPIO_Init               0x08001209   0xcc  Code  Gb  stm32f10x_gpio.o [1]
GPIO_ReadOutputDataBit  0x080012d5   0x16  Code  Gb  stm32f10x_gpio.o [1]
GPIO_ResetBits          0x080012f1    0x6  Code  Gb  stm32f10x_gpio.o [1]
GPIO_SetBits            0x080012eb    0x6  Code  Gb  stm32f10x_gpio.o [1]
HardFault_Handler       0x08001881    0xa  Code  Gb  stm32f10x_it.o [1]
MemManage_Handler       0x0800188b    0x2  Code  Gb  stm32f10x_it.o [1]
MyTask1                 0x080014e7   0x7c  Code  Gb  demo.o [1]
MyTask2                 0x08001563   0x52  Code  Gb  demo.o [1]
NMI_Handler             0x0800187d    0x2  Code  Gb  stm32f10x_it.o [1]
NVIC_Init               0x080012f9   0x66  Code  Gb  misc.o [1]
NVIC_SetPriority        0x08000505   0x22  Code  Lc  iar_port.o [1]
RCC_APB1PeriphClockCmd  0x0800117f   0x20  Code  Gb  stm32f10x_rcc.o [1]
RCC_APB1PeriphResetCmd  0x080011bf   0x20  Code  Gb  stm32f10x_rcc.o [1]
RCC_APB2PeriphClockCmd  0x0800115f   0x20  Code  Gb  stm32f10x_rcc.o [1]
RCC_APB2PeriphResetCmd  0x0800119f   0x20  Code  Gb  stm32f10x_rcc.o [1]
RCC_GetClocksFreq       0x0800109d   0xc2  Code  Gb  stm32f10x_rcc.o [1]
Region$$Table$$Base     0x08001858          --   Gb  - Linker created -
Region$$Table$$Limit    0x0800187c          --   Gb  - Linker created -
SysTick_Config          0x08000527   0x30  Code  Lc  iar_port.o [1]
Task1OnTimeout          0x080014b1   0x36  Code  Gb  demo.o [1]
USART_ClockInit         0x08000fe5   0x24  Code  Gb  stm32f10x_usart.o [1]
USART_Cmd               0x08001009   0x1c  Code  Gb  stm32f10x_usart.o [1]
USART_DeInit            0x08000e85   0x8e  Code  Gb  stm32f10x_usart.o [1]
USART_GetFlagStatus     0x0800107f   0x1c  Code  Gb  stm32f10x_usart.o [1]
USART_ITConfig          0x08001025   0x52  Code  Gb  stm32f10x_usart.o [1]
USART_Init              0x08000f13   0xbe  Code  Gb  stm32f10x_usart.o [1]
USART_SendData          0x08001077    0x8  Code  Gb  stm32f10x_usart.o [1]
UsageFault_Handler      0x0800188f    0x2  Code  Gb  stm32f10x_it.o [1]
__BR_BoardInit          0x0800181b   0x10  Code  Gb  board.o [1]
__BR_DeviceInit         0x08001371   0x20  Code  Gb  device.o [1]
__BR_DeviceInitAll      0x08001391   0x38  Code  Gb  device.o [1]
__BR_IdleTask           0x08000131    0x2  Code  Gb  task.o [1]
__BR_ListInit           0x0800046d    0xc  Code  Gb  list.o [1]
__BR_ListInsertAfter    0x08000479   0x1a  Code  Gb  list.o [1]
__BR_ListInsertBefore   0x08000495   0x1a  Code  Gb  list.o [1]
__BR_ListIsEmpty        0x080004c9    0xe  Code  Gb  list.o [1]
__BR_ListRemove         0x080004b1   0x18  Code  Gb  list.o [1]
__BR_NvicConfig         0x08001819    0x2  Code  Lc  board.o [1]
__BR_ObjectCreate       0x080006c1   0x5a  Code  Gb  object.o [1]
__BR_ObjectFind         0x0800071b   0x4e  Code  Gb  object.o [1]
__BR_ObjectInit         0x080006a1   0x20  Code  Gb  object.o [1]
__BR_PortDisableInterrupts
                        0x08000827         Code  Gb  iar_port_asm.o [1]
__BR_PortEnableInterrupts
                        0x08000823         Code  Gb  iar_port_asm.o [1]
__BR_PortEnterCritical  0x080005f5   0x12  Code  Gb  iar_port.o [1]
__BR_PortExitCritical   0x08000607   0x22  Code  Gb  iar_port.o [1]
__BR_PortInitStack      0x08000557   0x5e  Code  Gb  iar_port.o [1]
__BR_PortPendSVCHandler
                        0x080007ed         Code  Gb  iar_port_asm.o [1]
__BR_PortSVCHandler     0x08000831         Code  Gb  iar_port_asm.o [1]
__BR_PortSchedulerStart
                        0x080005b5   0x1a  Code  Gb  iar_port.o [1]
__BR_PortSetBasePriorityMask
                        0x0800082b         Code  Gb  iar_port_asm.o [1]
__BR_PortStartFirstTask
                        0x0800084d         Code  Gb  iar_port_asm.o [1]
__BR_PortSysTickHandler
                        0x080005dd   0x18  Code  Gb  iar_port.o [1]
__BR_PortYield          0x080005cf    0xe  Code  Gb  iar_port.o [1]
__BR_RccConfig          0x08001817    0x2  Code  Lc  board.o [1]
__BR_StartUp            0x080017a5   0x4e  Code  Lc  startup.o [1]
__BR_TaskStartScheduler
                        0x08000161   0x62  Code  Gb  task.o [1]
__BR_TaskSwitch         0x080001c5   0x5e  Code  Gb  task.o [1]
__BR_TaskTickUpdate     0x08000223   0x5c  Code  Gb  task.o [1]
__BR_TasklInit          0x08000133   0x2c  Code  Gb  task.o [1]
__BR_TimerDecrement     0x08000875   0x62  Code  Gb  timer.o [1]
__BR_TimerInit          0x08000865   0x10  Code  Gb  timer.o [1]
__BR_TimerTask          0x080008d7   0x4e  Code  Gb  timer.o [1]
__BR_UsartInit          0x08000d5b   0xd4  Code  Gb  usart.o [1]
__BR_UsartIsr1          0x08000e2f    0xa  Code  Gb  usart.o [1]
__BR_UsartIsr2          0x08000e39    0xa  Code  Gb  usart.o [1]
__BR_UsartIsr3          0x08000e43    0xa  Code  Gb  usart.o [1]
__UsartClose            0x08000b81   0x16  Code  Lc  usart.o [1]
__UsartControl          0x08000c11    0x4  Code  Lc  usart.o [1]
__UsartDmaConfig        0x08000d29    0x2  Code  Lc  usart.o [1]
__UsartGpioConfig       0x08000c47   0xa8  Code  Lc  usart.o [1]
__UsartInit             0x08000b65    0x4  Code  Lc  usart.o [1]
__UsartIsr              0x08000d2b   0x30  Code  Lc  usart.o [1]
__UsartNvicConfig       0x08000cef   0x3a  Code  Lc  usart.o [1]
__UsartOpen             0x08000b69   0x16  Code  Lc  usart.o [1]
__UsartRccConfig        0x08000c15   0x32  Code  Lc  usart.o [1]
__UsartRead             0x08000b99   0x40  Code  Lc  usart.o [1]
__UsartWrite            0x08000bd9   0x38  Code  Lc  usart.o [1]
__aeabi_memset          0x08000afd         Code  Gb  ABImemset.o [4]
__cmain                 0x08001895         Code  Gb  cmain.o [4]
__exit                  0x080018c1   0x14  Code  Gb  exit.o [5]
__iar_Memset            0x08000afd         Code  Gb  ABImemset.o [4]
__iar_Memset_word       0x08000b05         Code  Gb  ABImemset.o [4]
__iar_SB                0x08001950         Data  Gb  bwt_init3c.o [4]
__iar_copy_init3        0x080004d7   0x2e  Code  Gb  copy_init3.o [4]
__iar_data_init3        0x0800182d   0x2c  Code  Gb  data_init3.o [4]
__iar_program_start     0x08001905         Code  Gb  cstartup_M.o [4]
__iar_zero_init3        0x08000adb   0x22  Code  Gb  zero_init3.o [4]
__low_level_init        0x080018ab    0x4  Code  Gb  low_level_init.o [3]
__vector_table          0x08000000  0x130  Data  Gb  stm32f10x_it.o [1]
_call_main              0x080018a1         Code  Gb  cmain.o [4]
_exit                   0x080018b5         Code  Gb  cexit.o [4]
_main                   0x080018a7         Code  Gb  cmain.o [4]
bytesFree               0x200000c8    0x4  Data  Lc  heap.o [1]
criticalCount           0x20000aa0    0x1  Data  Lc  iar_port.o [1]
currentPriority         0x200000d0    0x1  Data  Gb  task.o [1]
deviceTable             0x20000a28   0x20  Data  Lc  device.o [1]
exit                    0x080018af    0x4  Code  Gb  exit.o [3]
expiredTimers           0x20000a80    0x8  Data  Lc  timer.o [1]
gpioInit                0x20000a90    0x4  Data  Gb  demo.o [1]
heap                    0x200000d4  0x800  Data  Lc  heap.o [1]
main                    0x08001809    0xe  Code  Gb  startup.o [1]
memset                  0x0800076d   0x14  Code  Gb  task.o [1]
mutex                   0x20000a88    0x4  Data  Gb  demo.o [1]
nextFreeByte            0x200000c4    0x4  Data  Lc  heap.o [1]
objList                 0x20000a48   0x20  Data  Lc  object.o [1]
priorityTable           0x20000a00   0x28  Data  Gb  task.o [1]
runningTask             0x20000a98    0x4  Data  Gb  task.o [1]
runningTimers           0x20000a78    0x8  Data  Lc  timer.o [1]
strncmp                 0x08000ab1   0x2a  Code  Gb  strncmp.o [3]
strncpy                 0x08000781         Code  Gb  strncpy.o [4]
suspendedTaskList       0x20000a68    0x8  Data  Lc  task.o [1]
terminal                0x20000a8c    0x4  Data  Gb  demo.o [1]
timer1                  0x20000a94    0x4  Data  Gb  demo.o [1]
timerTask               0x20000a9c    0x4  Data  Gb  timer.o [1]
usart1                  0x20000000   0x2c  Data  Lc  usart.o [1]
usart1Ctrl              0x20000094   0x10  Data  Lc  usart.o [1]
usart1RxBuffer          0x200008d4   0x64  Data  Lc  usart.o [1]
usart2                  0x2000002c   0x2c  Data  Lc  usart.o [1]
usart2Ctrl              0x200000a4   0x10  Data  Lc  usart.o [1]
usart2RxBuffer          0x20000938   0x64  Data  Lc  usart.o [1]
usart3                  0x20000058   0x2c  Data  Lc  usart.o [1]
usart3Ctrl              0x200000b4   0x10  Data  Lc  usart.o [1]
usart3RxBuffer          0x2000099c   0x64  Data  Lc  usart.o [1]
waitingTaskList         0x20000a70    0x8  Data  Lc  task.o [1]


[1] = C:\Users\Guilherme\Workspace\BR-RTOS (trunk)\demo\stm32f10x\Debug\Obj
[2] = command line
[3] = dl7M_tln.a
[4] = rt7M_tl.a
[5] = shb_l.a

  6 028 bytes of readonly  code memory
    664 bytes of readonly  data memory
  4 769 bytes of readwrite data memory

Errors: none
Warnings: none
