###############################################################################
#                                                                             #
# IAR ELF Linker V6.30.1.53127/W32 for ARM              30/Aug/2012  14:38:10 #
# Copyright 2007-2011 IAR Systems AB.                                         #
#                                                                             #
#    Output file  =  C:\Users\Guilherme\Workspace\BR-RTOS                     #
#                    (trunk)\demo\stm32f10x\Debug\Exe\demo.out                #
#    Map file     =  C:\Users\Guilherme\Workspace\BR-RTOS                     #
#                    (trunk)\demo\stm32f10x\Debug\List\demo.map               #
#    Command line =  "C:\Users\Guilherme\Workspace\BR-RTOS                    #
#                    (trunk)\demo\stm32f10x\Debug\Obj\AT25DB161D.o"           #
#                    "C:\Users\Guilherme\Workspace\BR-RTOS                    #
#                    (trunk)\demo\stm32f10x\Debug\Obj\board.o"                #
#                    "C:\Users\Guilherme\Workspace\BR-RTOS                    #
#                    (trunk)\demo\stm32f10x\Debug\Obj\demo.o"                 #
#                    "C:\Users\Guilherme\Workspace\BR-RTOS                    #
#                    (trunk)\demo\stm32f10x\Debug\Obj\device.o"               #
#                    "C:\Users\Guilherme\Workspace\BR-RTOS                    #
#                    (trunk)\demo\stm32f10x\Debug\Obj\gpio.o"                 #
#                    "C:\Users\Guilherme\Workspace\BR-RTOS                    #
#                    (trunk)\demo\stm32f10x\Debug\Obj\heap.o"                 #
#                    "C:\Users\Guilherme\Workspace\BR-RTOS                    #
#                    (trunk)\demo\stm32f10x\Debug\Obj\iar_port.o"             #
#                    "C:\Users\Guilherme\Workspace\BR-RTOS                    #
#                    (trunk)\demo\stm32f10x\Debug\Obj\iar_port_asm.o"         #
#                    "C:\Users\Guilherme\Workspace\BR-RTOS                    #
#                    (trunk)\demo\stm32f10x\Debug\Obj\init.o"                 #
#                    "C:\Users\Guilherme\Workspace\BR-RTOS                    #
#                    (trunk)\demo\stm32f10x\Debug\Obj\ipc.o"                  #
#                    "C:\Users\Guilherme\Workspace\BR-RTOS                    #
#                    (trunk)\demo\stm32f10x\Debug\Obj\list.o"                 #
#                    "C:\Users\Guilherme\Workspace\BR-RTOS                    #
#                    (trunk)\demo\stm32f10x\Debug\Obj\misc.o"                 #
#                    "C:\Users\Guilherme\Workspace\BR-RTOS                    #
#                    (trunk)\demo\stm32f10x\Debug\Obj\object.o"               #
#                    "C:\Users\Guilherme\Workspace\BR-RTOS                    #
#                    (trunk)\demo\stm32f10x\Debug\Obj\rtc.o"                  #
#                    "C:\Users\Guilherme\Workspace\BR-RTOS                    #
#                    (trunk)\demo\stm32f10x\Debug\Obj\spi.o"                  #
#                    "C:\Users\Guilherme\Workspace\BR-RTOS                    #
#                    (trunk)\demo\stm32f10x\Debug\Obj\spi_core.o"             #
#                    "C:\Users\Guilherme\Workspace\BR-RTOS                    #
#                    (trunk)\demo\stm32f10x\Debug\Obj\startup.o"              #
#                    "C:\Users\Guilherme\Workspace\BR-RTOS                    #
#                    (trunk)\demo\stm32f10x\Debug\Obj\stm32f10x_adc.o"        #
#                    "C:\Users\Guilherme\Workspace\BR-RTOS                    #
#                    (trunk)\demo\stm32f10x\Debug\Obj\stm32f10x_bkp.o"        #
#                    "C:\Users\Guilherme\Workspace\BR-RTOS                    #
#                    (trunk)\demo\stm32f10x\Debug\Obj\stm32f10x_can.o"        #
#                    "C:\Users\Guilherme\Workspace\BR-RTOS                    #
#                    (trunk)\demo\stm32f10x\Debug\Obj\stm32f10x_cec.o"        #
#                    "C:\Users\Guilherme\Workspace\BR-RTOS                    #
#                    (trunk)\demo\stm32f10x\Debug\Obj\stm32f10x_crc.o"        #
#                    "C:\Users\Guilherme\Workspace\BR-RTOS                    #
#                    (trunk)\demo\stm32f10x\Debug\Obj\stm32f10x_dac.o"        #
#                    "C:\Users\Guilherme\Workspace\BR-RTOS                    #
#                    (trunk)\demo\stm32f10x\Debug\Obj\stm32f10x_dbgmcu.o"     #
#                    "C:\Users\Guilherme\Workspace\BR-RTOS                    #
#                    (trunk)\demo\stm32f10x\Debug\Obj\stm32f10x_dma.o"        #
#                    "C:\Users\Guilherme\Workspace\BR-RTOS                    #
#                    (trunk)\demo\stm32f10x\Debug\Obj\stm32f10x_exti.o"       #
#                    "C:\Users\Guilherme\Workspace\BR-RTOS                    #
#                    (trunk)\demo\stm32f10x\Debug\Obj\stm32f10x_flash.o"      #
#                    "C:\Users\Guilherme\Workspace\BR-RTOS                    #
#                    (trunk)\demo\stm32f10x\Debug\Obj\stm32f10x_fsmc.o"       #
#                    "C:\Users\Guilherme\Workspace\BR-RTOS                    #
#                    (trunk)\demo\stm32f10x\Debug\Obj\stm32f10x_gpio.o"       #
#                    "C:\Users\Guilherme\Workspace\BR-RTOS                    #
#                    (trunk)\demo\stm32f10x\Debug\Obj\stm32f10x_i2c.o"        #
#                    "C:\Users\Guilherme\Workspace\BR-RTOS                    #
#                    (trunk)\demo\stm32f10x\Debug\Obj\stm32f10x_it.o"         #
#                    "C:\Users\Guilherme\Workspace\BR-RTOS                    #
#                    (trunk)\demo\stm32f10x\Debug\Obj\stm32f10x_iwdg.o"       #
#                    "C:\Users\Guilherme\Workspace\BR-RTOS                    #
#                    (trunk)\demo\stm32f10x\Debug\Obj\stm32f10x_pwr.o"        #
#                    "C:\Users\Guilherme\Workspace\BR-RTOS                    #
#                    (trunk)\demo\stm32f10x\Debug\Obj\stm32f10x_rcc.o"        #
#                    "C:\Users\Guilherme\Workspace\BR-RTOS                    #
#                    (trunk)\demo\stm32f10x\Debug\Obj\stm32f10x_rtc.o"        #
#                    "C:\Users\Guilherme\Workspace\BR-RTOS                    #
#                    (trunk)\demo\stm32f10x\Debug\Obj\stm32f10x_sdio.o"       #
#                    "C:\Users\Guilherme\Workspace\BR-RTOS                    #
#                    (trunk)\demo\stm32f10x\Debug\Obj\stm32f10x_spi.o"        #
#                    "C:\Users\Guilherme\Workspace\BR-RTOS                    #
#                    (trunk)\demo\stm32f10x\Debug\Obj\stm32f10x_tim.o"        #
#                    "C:\Users\Guilherme\Workspace\BR-RTOS                    #
#                    (trunk)\demo\stm32f10x\Debug\Obj\stm32f10x_usart.o"      #
#                    "C:\Users\Guilherme\Workspace\BR-RTOS                    #
#                    (trunk)\demo\stm32f10x\Debug\Obj\stm32f10x_wwdg.o"       #
#                    "C:\Users\Guilherme\Workspace\BR-RTOS                    #
#                    (trunk)\demo\stm32f10x\Debug\Obj\system_stm32f10x.o"     #
#                    "C:\Users\Guilherme\Workspace\BR-RTOS                    #
#                    (trunk)\demo\stm32f10x\Debug\Obj\task.o"                 #
#                    "C:\Users\Guilherme\Workspace\BR-RTOS                    #
#                    (trunk)\demo\stm32f10x\Debug\Obj\timer.o"                #
#                    "C:\Users\Guilherme\Workspace\BR-RTOS                    #
#                    (trunk)\demo\stm32f10x\Debug\Obj\usart.o" -o             #
#                    "C:\Users\Guilherme\Workspace\BR-RTOS                    #
#                    (trunk)\demo\stm32f10x\Debug\Exe\demo.out" --map         #
#                    "C:\Users\Guilherme\Workspace\BR-RTOS                    #
#                    (trunk)\demo\stm32f10x\Debug\List\demo.map" --config     #
#                    "C:\Users\Guilherme\Workspace\BR-RTOS                    #
#                    (trunk)\demo\stm32f10x\demo.icf" --semihosting --entry   #
#                    __iar_program_start --vfe                                #
#                                                                             #
#                                                                             #
###############################################################################

*******************************************************************************
*** RUNTIME MODEL ATTRIBUTES
***

CppFlavor       = *
__SystemLibrary = DLib


*******************************************************************************
*** PLACEMENT SUMMARY
***

"A1":  place at 0x08000000 { ro section .intvec };
"P1":  place in [from 0x08000000 to 0x0801fbff] { ro };
"P2":  place in [from 0x20000000 to 0x20001fff] { rw, block CSTACK, block HEAP };

  Section            Kind        Address    Size  Object
  -------            ----        -------    ----  ------
"A1":                                      0x130
  .intvec            const    0x08000000   0x130  stm32f10x_it.o [1]
                            - 0x08000130   0x130

"P1":                                     0x298c
  .text              ro code  0x08000130   0x4a4  xprintfsmall.o [3]
  .text              ro code  0x080005d4    0x16  strchr.o [4]
  .text              ro code  0x080005ea    0x22  zero_init3.o [4]
  .text              ro code  0x0800060c    0x36  strlen.o [4]
  .text              ro code  0x08000642    0x1a  xsnprout.o [3]
  .text              ro code  0x0800065c    0x58  memchr.o [4]
  .text              ro code  0x080006b4   0x31c  usart.o [1]
  .text              ro code  0x080009d0   0x216  stm32f10x_usart.o [1]
  .text              ro code  0x08000be8   0x188  stm32f10x_rcc.o [1]
  .text              ro code  0x08000d70    0xd8  stm32f10x_gpio.o [1]
  .text              ro code  0x08000e48    0x78  misc.o [1]
  .text              ro code  0x08000ec0   0x1b2  device.o [1]
  .text              ro code  0x08001074    0x6a  list.o [1]
  .text              ro code  0x080010e0   0x150  iar_port.o [1]
  .text              ro code  0x08001230    0x6c  object.o [1]
  .text              ro code  0x0800129c    0x2a  strncmp.o [3]
  CODE               ro code  0x080012c8    0x78  iar_port_asm.o [1]
  .text              ro code  0x08001340   0x314  task.o [1]
  .text              ro code  0x08001654    0xe0  timer.o [1]
  .text              ro code  0x08001734    0x6c  strncpy.o [4]
  .text              ro code  0x080017a0    0x4c  heap.o [1]
  .text              ro code  0x080017ec    0x14  task.o [1]
  .text              ro code  0x08001800    0x66  ABImemset.o [4]
  .text              ro code  0x08001868   0x294  rtc.o [1]
  .text              ro code  0x08001afc   0x25c  demo.o [1]
  .text              ro code  0x08001d58   0x1a4  ipc.o [1]
  .text              ro code  0x08001efc    0x44  snprintf.o [3]
  .text              ro code  0x08001f40   0x128  AT25DB161D.o [1]
  .text              ro code  0x08002068   0x172  spi_core.o [1]
  .text              ro code  0x080021dc   0x22a  spi.o [1]
  .text              ro code  0x08002408   0x224  gpio.o [1]
  .text              ro code  0x0800262c    0xa0  packbits_init3.o [4]
  .text              ro code  0x080026cc    0x5e  startup.o [1]
  .text              ro code  0x0800272a    0x14  init.o [1]
  .text              ro code  0x0800273e    0x20  board.o [1]
  .text              ro code  0x08002760    0x2c  data_init3.o [4]
  .iar.init_table    const    0x0800278c    0x2c  - Linker created -
  .rodata            const    0x080027b8    0x1c  AT25DB161D.o [1]
  .text              ro code  0x080027d4    0x16  stm32f10x_it.o [1]
  .text              ro code  0x080027ec    0x16  cmain.o [4]
  .text              ro code  0x08002802     0x4  low_level_init.o [3]
  .text              ro code  0x08002806     0x4  exit.o [3]
  .text              ro code  0x0800280c     0xa  cexit.o [4]
  .text              ro code  0x08002818    0x14  exit.o [5]
  .rodata            const    0x0800282c     0xc  demo.o [1]
  .rodata            const    0x08002838     0xc  demo.o [1]
  .rodata            const    0x08002844     0xc  demo.o [1]
  .rodata            const    0x08002850     0xc  demo.o [1]
  .rodata            const    0x0800285c     0xc  demo.o [1]
  .rodata            const    0x08002868     0xc  demo.o [1]
  .rodata            const    0x08002874     0xc  demo.o [1]
  .rodata            const    0x08002880     0xc  spi.o [1]
  .rodata            const    0x0800288c     0xc  startup.o [1]
  .text              ro code  0x08002898     0xc  cstartup_M.o [4]
  .rodata            const    0x080028a4     0x8  AT25DB161D.o [1]
  .rodata            const    0x080028ac     0x8  AT25DB161D.o [1]
  .rodata            const    0x080028b4     0x8  demo.o [1]
  .rodata            const    0x080028bc     0x8  demo.o [1]
  .rodata            const    0x080028c4     0x8  demo.o [1]
  .rodata            const    0x080028cc     0x8  demo.o [1]
  .rodata            const    0x080028d4     0x8  demo.o [1]
  .rodata            const    0x080028dc     0x8  gpio.o [1]
  .rodata            const    0x080028e4     0x8  gpio.o [1]
  .rodata            const    0x080028ec     0x8  gpio.o [1]
  .rodata            const    0x080028f4     0x8  gpio.o [1]
  .rodata            const    0x080028fc     0x8  gpio.o [1]
  .rodata            const    0x08002904     0x8  gpio.o [1]
  .rodata            const    0x0800290c     0x8  gpio.o [1]
  .rodata            const    0x08002914     0x8  gpio.o [1]
  .rodata            const    0x0800291c     0x8  spi.o [1]
  .rodata            const    0x08002924     0x8  spi.o [1]
  .rodata            const    0x0800292c     0x8  startup.o [1]
  .rodata            const    0x08002934     0x8  usart.o [1]
  .rodata            const    0x0800293c     0x8  usart.o [1]
  .rodata            const    0x08002944     0x8  usart.o [1]
  .rodata            const    0x0800294c     0x4  gpio.o [1]
  .rodata            const    0x08002950     0x4  spi.o [1]
  .rodata            const    0x08002954     0x0  bwt_init3c.o [4]
  Initializer bytes  ro data  0x08002954   0x165  <for P2 s0>
                            - 0x08002ab9  0x2989

"P2", part 1 of 3:                         0x414
  P2 s0                       0x20000000   0x411  <Init block>
    .data            inited   0x20000000    0x7c  spi.o [1]
    .data            inited   0x2000007c    0x50  AT25DB161D.o [1]
    .data            inited   0x200000cc    0x44  gpio.o [1]
    .data            inited   0x20000110    0x44  gpio.o [1]
    .data            inited   0x20000154    0x44  gpio.o [1]
    .data            inited   0x20000198    0x44  gpio.o [1]
    .data            inited   0x200001dc    0x44  gpio.o [1]
    .data            inited   0x20000220    0x44  gpio.o [1]
    .data            inited   0x20000264    0x44  gpio.o [1]
    .data            inited   0x200002a8    0x44  rtc.o [1]
    .data            inited   0x200002ec    0x44  usart.o [1]
    .data            inited   0x20000330    0x44  usart.o [1]
    .data            inited   0x20000374    0x44  usart.o [1]
    .data            inited   0x200003b8    0x10  stm32f10x_rcc.o [1]
    .data            inited   0x200003c8    0x10  usart.o [1]
    .data            inited   0x200003d8    0x10  usart.o [1]
    .data            inited   0x200003e8    0x10  usart.o [1]
    .data            inited   0x200003f8     0xc  rtc.o [1]
    .data            inited   0x20000404     0x4  heap.o [1]
    .data            inited   0x20000408     0x4  heap.o [1]
    .data            inited   0x2000040c     0x4  stm32f10x_rcc.o [1]
    .data            inited   0x20000410     0x1  task.o [1]
                            - 0x20000411   0x411

"P2", part 2 of 3:                         0xa14
  .bss               zero     0x20000414   0x800  heap.o [1]
  .bss               zero     0x20000c14    0x64  usart.o [1]
  .bss               zero     0x20000c78    0x64  usart.o [1]
  .bss               zero     0x20000cdc    0x64  usart.o [1]
  .bss               zero     0x20000d40    0x28  device.o [1]
  .bss               zero     0x20000d68    0x28  task.o [1]
  .bss               zero     0x20000d90    0x20  object.o [1]
  .bss               zero     0x20000db0    0x10  demo.o [1]
  .bss               zero     0x20000dc0     0xc  demo.o [1]
  .bss               zero     0x20000dcc     0x8  AT25DB161D.o [1]
  .bss               zero     0x20000dd4     0x8  task.o [1]
  .bss               zero     0x20000ddc     0x8  task.o [1]
  .bss               zero     0x20000de4     0x8  timer.o [1]
  .bss               zero     0x20000dec     0x8  timer.o [1]
  .bss               zero     0x20000df4     0x4  demo.o [1]
  .bss               zero     0x20000df8     0x4  demo.o [1]
  .bss               zero     0x20000dfc     0x4  demo.o [1]
  .bss               zero     0x20000e00     0x4  demo.o [1]
  .bss               zero     0x20000e04     0x4  demo.o [1]
  .bss               zero     0x20000e08     0x4  demo.o [1]
  .bss               zero     0x20000e0c     0x4  demo.o [1]
  .bss               zero     0x20000e10     0x4  demo.o [1]
  .bss               zero     0x20000e14     0x4  rtc.o [1]
  .bss               zero     0x20000e18     0x4  task.o [1]
  .bss               zero     0x20000e1c     0x4  timer.o [1]
  .bss               zero     0x20000e20     0x1  iar_port.o [1]
                            - 0x20000e21   0xa0d

"P2", part 3 of 3:                         0x800
  CSTACK                      0x20000e28   0x800  <Block>
    CSTACK           uninit   0x20000e28   0x800  <Block tail>
                            - 0x20001628   0x800


*******************************************************************************
*** INIT TABLE
***

          Address     Size
          -------     ----
Zero (__iar_zero_init3)
    1 destination range, total size 0xa0d:
          0x20000414  0xa0d

Copy/packbits (__iar_packbits_init3)
    1 source range, total size 0x165 (34% of destination):
          0x08002954  0x165
    1 destination range, total size 0x411:
          0x20000000  0x411



*******************************************************************************
*** MODULE SUMMARY
***

    Module             ro code  ro data  rw data
    ------             -------  -------  -------
C:\Users\Guilherme\Workspace\BR-RTOS (trunk)\demo\stm32f10x\Debug\Obj: [1]
    AT25DB161D.o           296       71       88
    board.o                 32
    demo.o                 604      124       60
    device.o               434                40
    gpio.o                 548      232      476
    heap.o                  76        3    2 056
    iar_port.o             336                 1
    iar_port_asm.o         120
    init.o                  20
    ipc.o                  420
    list.o                 106
    misc.o                 120
    object.o               108                32
    rtc.o                  660       27       84
    spi.o                  554       74      124
    spi_core.o             370
    startup.o               94       20
    stm32f10x_gpio.o       216
    stm32f10x_it.o          22      304
    stm32f10x_rcc.o        392        6       20
    stm32f10x_usart.o      534
    task.o                 808        1       61
    timer.o                224                20
    usart.o                796      111      552
    --------------------------------------------
    Total:               7 890      973    3 614

command line: [2]
    --------------------------------------------
    Total:

dl7M_tln.a: [3]
    exit.o                   4
    low_level_init.o         4
    snprintf.o              68
    strncmp.o               42
    xprintfsmall.o       1 188
    xsnprout.o              26
    --------------------------------------------
    Total:               1 332

rt7M_tl.a: [4]
    ABImemset.o            102
    bwt_init3c.o
    cexit.o                 10
    cmain.o                 22
    cstartup_M.o            12
    data_init3.o            44
    memchr.o                88
    packbits_init3.o       160
    strchr.o                22
    strlen.o                54
    strncpy.o              108
    zero_init3.o            34
    --------------------------------------------
    Total:                 656

shb_l.a: [5]
    exit.o                  20
    --------------------------------------------
    Total:                  20

    Gaps                    22
    Linker created                   44    2 048
------------------------------------------------
    Grand Total:         9 920    1 017    5 662


*******************************************************************************
*** ENTRY LIST
***

Entry                      Address   Size  Type      Object
-----                      -------   ----  ----      ------
?main                   0x080027ed         Code  Gb  cmain.o [4]
ADCPrescTable           0x2000040c    0x4  Data  Lc  stm32f10x_rcc.o [1]
APBAHBPrescTable        0x200003b8   0x10  Data  Lc  stm32f10x_rcc.o [1]
AT25DB161DInit          0x08002023   0x2e  Code  Gb  AT25DB161D.o [1]
BR_AppInit              0x08001c6d   0x78  Code  Gb  demo.o [1]
BR_DeviceControl        0x08001049   0x2a  Code  Gb  device.o [1]
BR_DeviceFind           0x08000f81   0x66  Code  Gb  device.o [1]
BR_DeviceOpen           0x08000fed   0x2a  Code  Gb  device.o [1]
BR_DeviceRegister       0x08000f21   0x60  Code  Gb  device.o [1]
BR_DeviceWrite          0x08001019   0x30  Code  Gb  device.o [1]
BR_IpcMutexAcquire      0x08001dd1   0xb2  Code  Gb  ipc.o [1]
BR_IpcMutexCreate       0x08001d59   0x40  Code  Gb  ipc.o [1]
BR_IpcMutexInit         0x08001d99   0x38  Code  Gb  ipc.o [1]
BR_IpcMutexRelease      0x08001e85   0x74  Code  Gb  ipc.o [1]
BR_MemAlloc             0x080017a1   0x4c  Code  Gb  heap.o [1]
BR_SpiAttach            0x080020ed   0x40  Code  Gb  spi_core.o [1]
BR_SpiBusRegister       0x08002069   0x46  Code  Gb  spi_core.o [1]
BR_SpiDeviceRegister    0x080020b1   0x3c  Code  Gb  spi_core.o [1]
BR_SpiReceive           0x080021cd    0xe  Code  Gb  spi_core.o [1]
BR_SpiSend              0x080021c1    0xc  Code  Gb  spi_core.o [1]
BR_SpiTransfer          0x0800212d   0x94  Code  Gb  spi_core.o [1]
BR_TaskCreate           0x080014ad   0xd6  Code  Gb  task.o [1]
BR_TaskResume           0x080015b9   0x4a  Code  Gb  task.o [1]
BR_TaskSuspend          0x08001583   0x36  Code  Gb  task.o [1]
BR_TaskWait             0x08001603   0x3e  Code  Gb  task.o [1]
BusFault_Handler        0x080027e5    0x2  Code  Gb  stm32f10x_it.o [1]
CSTACK$$Base            0x20000e28          --   Gb  - Linker created -
CSTACK$$Limit           0x20001628          --   Gb  - Linker created -
DebugMon_Handler        0x080027e9    0x2  Code  Gb  stm32f10x_it.o [1]
GPIO_Init               0x08000d71   0xcc  Code  Gb  stm32f10x_gpio.o [1]
GPIO_ResetBits          0x08000e43    0x6  Code  Gb  stm32f10x_gpio.o [1]
GPIO_SetBits            0x08000e3d    0x6  Code  Gb  stm32f10x_gpio.o [1]
HardFault_Handler       0x080027d9    0xa  Code  Gb  stm32f10x_it.o [1]
MemManage_Handler       0x080027e3    0x2  Code  Gb  stm32f10x_it.o [1]
MyTask1                 0x08001b47   0xe2  Code  Gb  demo.o [1]
MyTask2                 0x08001c29   0x34  Code  Gb  demo.o [1]
MyTask3                 0x08001c5d   0x10  Code  Gb  demo.o [1]
NMI_Handler             0x080027d5    0x2  Code  Gb  stm32f10x_it.o [1]
NVIC_Init               0x08000e49   0x66  Code  Gb  misc.o [1]
NVIC_SetPriority        0x080010e1   0x22  Code  Lc  iar_port.o [1]
OnRtcAlarm              0x08001b3d    0xa  Code  Gb  demo.o [1]
Print                   0x08001afd   0x40  Code  Gb  demo.o [1]
RCC_APB1PeriphClockCmd  0x08000cdf   0x20  Code  Gb  stm32f10x_rcc.o [1]
RCC_APB1PeriphResetCmd  0x08000d1f   0x20  Code  Gb  stm32f10x_rcc.o [1]
RCC_APB2PeriphClockCmd  0x08000cbf   0x20  Code  Gb  stm32f10x_rcc.o [1]
RCC_APB2PeriphResetCmd  0x08000cff   0x20  Code  Gb  stm32f10x_rcc.o [1]
RCC_GetClocksFreq       0x08000bfd   0xc2  Code  Gb  stm32f10x_rcc.o [1]
RCC_RTCCLKCmd           0x08000bf5    0x8  Code  Gb  stm32f10x_rcc.o [1]
RCC_RTCCLKConfig        0x08000be9    0xc  Code  Gb  stm32f10x_rcc.o [1]
Region$$Table$$Base     0x0800278c          --   Gb  - Linker created -
Region$$Table$$Limit    0x080027b8          --   Gb  - Linker created -
SysTick_Config          0x08001103   0x30  Code  Lc  iar_port.o [1]
USART_ClockInit         0x08000b31   0x24  Code  Gb  stm32f10x_usart.o [1]
USART_Cmd               0x08000b55   0x1c  Code  Gb  stm32f10x_usart.o [1]
USART_DeInit            0x080009d1   0x8e  Code  Gb  stm32f10x_usart.o [1]
USART_GetFlagStatus     0x08000bcb   0x1c  Code  Gb  stm32f10x_usart.o [1]
USART_ITConfig          0x08000b71   0x52  Code  Gb  stm32f10x_usart.o [1]
USART_Init              0x08000a5f   0xbe  Code  Gb  stm32f10x_usart.o [1]
USART_SendData          0x08000bc3    0x8  Code  Gb  stm32f10x_usart.o [1]
UsageFault_Handler      0x080027e7    0x2  Code  Gb  stm32f10x_it.o [1]
_LitobSmall             0x080004fd   0xd0  Code  Lc  xprintfsmall.o [3]
_PrintfSmall            0x08000131  0x3cc  Code  Gb  xprintfsmall.o [3]
_SNProut                0x08000643   0x1a  Code  Gb  xsnprout.o [3]
__AT25DB161DBlockErase  0x08001fcb    0x4  Code  Lc  AT25DB161D.o [1]
__AT25DB161DChipErase   0x08001fd3    0x4  Code  Lc  AT25DB161D.o [1]
__AT25DB161DControl     0x08001f99   0x2e  Code  Lc  AT25DB161D.o [1]
__AT25DB161DDeepPowerDown
                        0x08001fd7    0x4  Code  Lc  AT25DB161D.o [1]
__AT25DB161DGetManufactureID
                        0x08001fe1   0x42  Code  Lc  AT25DB161D.o [1]
__AT25DB161DPageErase   0x08001fc7    0x4  Code  Lc  AT25DB161D.o [1]
__AT25DB161DRead        0x08001f41   0x52  Code  Lc  AT25DB161D.o [1]
__AT25DB161DSegmentErase
                        0x08001fcf    0x4  Code  Lc  AT25DB161D.o [1]
__AT25DB161DWakeUp      0x08001fdb    0x4  Code  Lc  AT25DB161D.o [1]
__AT25DB161DWrite       0x08001f93    0x4  Code  Lc  AT25DB161D.o [1]
__BR_BoardInit          0x08002743   0x1c  Code  Gb  board.o [1]
__BR_DeviceInitAll      0x08000ee1   0x40  Code  Gb  device.o [1]
__BR_DeviceStartUpInit  0x08000ec1   0x20  Code  Gb  device.o [1]
__BR_GpioStartUpInit    0x08002575   0x76  Code  Gb  gpio.o [1]
__BR_IdleTask           0x08001341    0x2  Code  Gb  task.o [1]
__BR_InitKernel         0x0800272b   0x14  Code  Gb  init.o [1]
__BR_ListInit           0x08001075    0xc  Code  Gb  list.o [1]
__BR_ListInsertAfter    0x08001081   0x1a  Code  Gb  list.o [1]
__BR_ListInsertBefore   0x0800109d   0x1a  Code  Gb  list.o [1]
__BR_ListIsEmpty        0x080010d1    0xe  Code  Gb  list.o [1]
__BR_ListRemove         0x080010b9   0x18  Code  Gb  list.o [1]
__BR_NvicConfig         0x08002741    0x2  Code  Lc  board.o [1]
__BR_ObjectInit         0x08001251   0x46  Code  Gb  object.o [1]
__BR_ObjectStartUpInit  0x08001231   0x20  Code  Gb  object.o [1]
__BR_PortDisableInterrupts
                        0x08001303         Code  Gb  iar_port_asm.o [1]
__BR_PortEnableInterrupts
                        0x080012ff         Code  Gb  iar_port_asm.o [1]
__BR_PortEnterCritical  0x080011d1   0x12  Code  Gb  iar_port.o [1]
__BR_PortExitCritical   0x080011e3   0x22  Code  Gb  iar_port.o [1]
__BR_PortInitStack      0x08001133   0x5e  Code  Gb  iar_port.o [1]
__BR_PortPendSVCHandler
                        0x080012c9         Code  Gb  iar_port_asm.o [1]
__BR_PortSVCHandler     0x0800130d         Code  Gb  iar_port_asm.o [1]
__BR_PortSchedulerStart
                        0x08001191   0x1a  Code  Gb  iar_port.o [1]
__BR_PortSetBasePriorityMask
                        0x08001307         Code  Gb  iar_port_asm.o [1]
__BR_PortStartFirstTask
                        0x08001329         Code  Gb  iar_port_asm.o [1]
__BR_PortSysTickHandler
                        0x080011b9   0x18  Code  Gb  iar_port.o [1]
__BR_PortYield          0x080011ab    0xe  Code  Gb  iar_port.o [1]
__BR_RccConfig          0x0800273f    0x2  Code  Lc  board.o [1]
__BR_RtcInit            0x08001a0b   0x64  Code  Gb  rtc.o [1]
__BR_RtcIsr             0x08001a6f   0x54  Code  Gb  rtc.o [1]
__BR_Spi1Isr            0x08002401    0x2  Code  Gb  spi.o [1]
__BR_Spi2Isr            0x08002403    0x2  Code  Gb  spi.o [1]
__BR_Spi3Isr            0x08002405    0x2  Code  Gb  spi.o [1]
__BR_SpiStartUpInit     0x080023c9   0x1c  Code  Gb  spi.o [1]
__BR_StartUp            0x080026cd   0x3c  Code  Lc  startup.o [1]
__BR_TaskStartScheduler
                        0x08001375   0x72  Code  Gb  task.o [1]
__BR_TaskStartUpInit    0x08001343   0x32  Code  Gb  task.o [1]
__BR_TaskSwitch         0x080013e9   0x5e  Code  Gb  task.o [1]
__BR_TaskTickUpdate     0x08001447   0x64  Code  Gb  task.o [1]
__BR_TimerDecrement     0x08001665   0x6e  Code  Gb  timer.o [1]
__BR_TimerStartUpInit   0x08001655   0x10  Code  Gb  timer.o [1]
__BR_TimerTask          0x080016d3   0x56  Code  Gb  timer.o [1]
__BR_UsartInit          0x080008a7   0xd4  Code  Gb  usart.o [1]
__BR_UsartIsr1          0x0800097b    0xa  Code  Gb  usart.o [1]
__BR_UsartIsr2          0x08000985    0xa  Code  Gb  usart.o [1]
__BR_UsartIsr3          0x0800098f    0xa  Code  Gb  usart.o [1]
__GpioControl           0x080024d1   0xa4  Code  Lc  gpio.o [1]
__GpioRead              0x08002409   0x66  Code  Lc  gpio.o [1]
__GpioWrite             0x08002471   0x60  Code  Lc  gpio.o [1]
__RtcControl            0x08001915   0xf6  Code  Lc  rtc.o [1]
__RtcEnterConfigMode    0x080018f7    0xe  Code  Lc  rtc.o [1]
__RtcExitConfigMode     0x08001905   0x10  Code  Lc  rtc.o [1]
__RtcNvicConfig         0x080018bd   0x22  Code  Lc  rtc.o [1]
__RtcRccConfig          0x08001869   0x54  Code  Lc  rtc.o [1]
__RtcWaitWriteOp        0x080018e1   0x16  Code  Lc  rtc.o [1]
__SpiConfigure          0x08002279   0xa2  Code  Lc  spi.o [1]
__SpiControl            0x08002275    0x4  Code  Lc  spi.o [1]
__SpiDmaConfig          0x0800226f    0x2  Code  Lc  spi.o [1]
__SpiGpioConfig         0x080021fb   0x52  Code  Lc  spi.o [1]
__SpiInit               0x08002271    0x4  Code  Lc  spi.o [1]
__SpiNvicConfig         0x0800224d   0x22  Code  Lc  spi.o [1]
__SpiRccConfig          0x080021dd   0x1e  Code  Lc  spi.o [1]
__SpiTransfer           0x0800231d   0xac  Code  Lc  spi.o [1]
__UsartClose            0x080006cd   0x16  Code  Lc  usart.o [1]
__UsartControl          0x0800075d    0x4  Code  Lc  usart.o [1]
__UsartDmaConfig        0x08000875    0x2  Code  Lc  usart.o [1]
__UsartGpioConfig       0x08000793   0xa8  Code  Lc  usart.o [1]
__UsartIsr              0x08000877   0x30  Code  Lc  usart.o [1]
__UsartNvicConfig       0x0800083b   0x3a  Code  Lc  usart.o [1]
__UsartOpen             0x080006b5   0x16  Code  Lc  usart.o [1]
__UsartRccConfig        0x08000761   0x32  Code  Lc  usart.o [1]
__UsartRead             0x080006e5   0x40  Code  Lc  usart.o [1]
__UsartWrite            0x08000725   0x38  Code  Lc  usart.o [1]
__aeabi_memset          0x08001801         Code  Gb  ABImemset.o [4]
__cmain                 0x080027ed         Code  Gb  cmain.o [4]
__exit                  0x08002819   0x14  Code  Gb  exit.o [5]
__iar_Memchr            0x0800065d         Code  Gb  memchr.o [4]
__iar_Memset            0x08001801         Code  Gb  ABImemset.o [4]
__iar_Memset_word       0x08001809         Code  Gb  ABImemset.o [4]
__iar_SB                0x08002954         Data  Gb  bwt_init3c.o [4]
__iar_Strchr            0x080005d5         Code  Gb  strchr.o [4]
__iar_data_init3        0x08002761   0x2c  Code  Gb  data_init3.o [4]
__iar_default_requirements$$_Printf<unknown>snprintf {Abs}
                        0x00000000          --   Gb  snprintf.o [3]
__iar_packbits_init3    0x0800262d   0xa0  Code  Gb  packbits_init3.o [4]
__iar_program_start     0x08002899         Code  Gb  cstartup_M.o [4]
__iar_provide$$_Printf<flags,int_specials,qualifiers,widths>_PrintfSmall {Abs}
                        0x00000000          --   Gb  xprintfsmall.o [3]
__iar_zero_init3        0x080005eb   0x22  Code  Gb  zero_init3.o [4]
__low_level_init        0x08002803    0x4  Code  Gb  low_level_init.o [3]
__vector_table          0x08000000  0x130  Data  Gb  stm32f10x_it.o [1]
_call_main              0x080027f9         Code  Gb  cmain.o [4]
_exit                   0x0800280d         Code  Gb  cexit.o [4]
_main                   0x080027ff         Code  Gb  cmain.o [4]
at25db161dSpiDevice     0x2000007c   0x50  Data  Lc  AT25DB161D.o [1]
buffer                  0x20000dcc    0x8  Data  Lc  AT25DB161D.o [1]
buffer                  0x20000dc0    0xc  Data  Gb  demo.o [1]
bytesFree               0x20000408    0x4  Data  Lc  heap.o [1]
ch                      0x20000db0   0x10  Data  Gb  demo.o [1]
criticalCount           0x20000e20    0x1  Data  Lc  iar_port.o [1]
currentPriority         0x20000410    0x1  Data  Lc  task.o [1]
deviceTable             0x20000d40   0x28  Data  Lc  device.o [1]
exit                    0x08002807    0x4  Code  Gb  exit.o [3]
expiredTimers           0x20000dec    0x8  Data  Lc  timer.o [1]
flash                   0x20000e08    0x4  Data  Gb  demo.o [1]
gpioA                   0x20000e04    0x4  Data  Gb  demo.o [1]
gpioA                   0x200000cc   0x44  Data  Lc  gpio.o [1]
gpioB                   0x20000110   0x44  Data  Lc  gpio.o [1]
gpioC                   0x20000154   0x44  Data  Lc  gpio.o [1]
gpioD                   0x20000198   0x44  Data  Lc  gpio.o [1]
gpioE                   0x200001dc   0x44  Data  Lc  gpio.o [1]
gpioF                   0x20000220   0x44  Data  Lc  gpio.o [1]
gpioFunc                0x08002914    0x8  Data  Lc  gpio.o [1]
gpioG                   0x20000264   0x44  Data  Lc  gpio.o [1]
gpioInit                0x20000e0c    0x4  Data  Gb  demo.o [1]
gpioSpeed               0x0800294c    0x4  Data  Lc  gpio.o [1]
heap                    0x20000414  0x800  Data  Lc  heap.o [1]
ioctlHandler            0x080027b8   0x1c  Data  Lc  AT25DB161D.o [1]
main                    0x0800271d    0xe  Code  Gb  startup.o [1]
memchr                  0x0800065d         Code  Gb  memchr.o [4]
memset                  0x080017ed   0x14  Code  Gb  task.o [1]
nextFreeByte            0x20000404    0x4  Data  Lc  heap.o [1]
objList                 0x20000d90   0x20  Data  Lc  object.o [1]
priorityTable           0x20000d68   0x28  Data  Lc  task.o [1]
rtc                     0x20000e00    0x4  Data  Gb  demo.o [1]
rtc                     0x200002a8   0x44  Data  Lc  rtc.o [1]
rtcAlarmCallback        0x20000e14    0x4  Data  Lc  rtc.o [1]
rtcClockConfig          0x200003f8    0xc  Data  Lc  rtc.o [1]
runningTask             0x20000e18    0x4  Data  Gb  task.o [1]
runningTimers           0x20000de4    0x8  Data  Lc  timer.o [1]
snprintf                0x08001efd   0x44  Code  Gb  snprintf.o [3]
spi1                    0x08002880    0xc  Data  Lc  spi.o [1]
spi1Bus                 0x20000000   0x7c  Data  Lc  spi.o [1]
spiBaudRate             0x08002924    0x8  Data  Lc  spi.o [1]
spiMode                 0x08002950    0x4  Data  Lc  spi.o [1]
strchr                  0x080005d5         Code  Gb  strchr.o [4]
strlen                  0x0800060d         Code  Gb  strlen.o [4]
strncmp                 0x0800129d   0x2a  Code  Gb  strncmp.o [3]
strncpy                 0x08001735         Code  Gb  strncpy.o [4]
suspendedTaskList       0x20000dd4    0x8  Data  Lc  task.o [1]
task1                   0x20000df4    0x4  Data  Gb  demo.o [1]
terminal                0x20000dfc    0x4  Data  Gb  demo.o [1]
time                    0x20000e10    0x4  Data  Gb  demo.o [1]
timerTask               0x20000e1c    0x4  Data  Gb  timer.o [1]
tmutex                  0x20000df8    0x4  Data  Gb  demo.o [1]
usart1                  0x200002ec   0x44  Data  Lc  usart.o [1]
usart1Ctrl              0x200003c8   0x10  Data  Lc  usart.o [1]
usart1RxBuffer          0x20000c14   0x64  Data  Lc  usart.o [1]
usart2                  0x20000330   0x44  Data  Lc  usart.o [1]
usart2Ctrl              0x200003d8   0x10  Data  Lc  usart.o [1]
usart2RxBuffer          0x20000c78   0x64  Data  Lc  usart.o [1]
usart3                  0x20000374   0x44  Data  Lc  usart.o [1]
usart3Ctrl              0x200003e8   0x10  Data  Lc  usart.o [1]
usart3RxBuffer          0x20000cdc   0x64  Data  Lc  usart.o [1]
waitingTaskList         0x20000ddc    0x8  Data  Lc  task.o [1]


[1] = C:\Users\Guilherme\Workspace\BR-RTOS (trunk)\demo\stm32f10x\Debug\Obj
[2] = command line
[3] = dl7M_tln.a
[4] = rt7M_tl.a
[5] = shb_l.a

  9 920 bytes of readonly  code memory
  1 017 bytes of readonly  data memory
  5 662 bytes of readwrite data memory

Errors: none
Warnings: none
