###############################################################################
#                                                                             #
# IAR ELF Linker V6.30.1.53127/W32 for ARM              31/Aug/2012  13:35:10 #
# Copyright 2007-2011 IAR Systems AB.                                         #
#                                                                             #
#    Output file  =  C:\Users\Guilherme\Workspace\BR-RTOS                     #
#                    (trunk)\demo\stm32f10x\Debug\Exe\demo.out                #
#    Map file     =  C:\Users\Guilherme\Workspace\BR-RTOS                     #
#                    (trunk)\demo\stm32f10x\Debug\List\demo.map               #
#    Command line =  "C:\Users\Guilherme\Workspace\BR-RTOS                    #
#                    (trunk)\demo\stm32f10x\Debug\Obj\AT25DB161D.o"           #
#                    "C:\Users\Guilherme\Workspace\BR-RTOS                    #
#                    (trunk)\demo\stm32f10x\Debug\Obj\board.o"                #
#                    "C:\Users\Guilherme\Workspace\BR-RTOS                    #
#                    (trunk)\demo\stm32f10x\Debug\Obj\demo.o"                 #
#                    "C:\Users\Guilherme\Workspace\BR-RTOS                    #
#                    (trunk)\demo\stm32f10x\Debug\Obj\device.o"               #
#                    "C:\Users\Guilherme\Workspace\BR-RTOS                    #
#                    (trunk)\demo\stm32f10x\Debug\Obj\gpio.o"                 #
#                    "C:\Users\Guilherme\Workspace\BR-RTOS                    #
#                    (trunk)\demo\stm32f10x\Debug\Obj\heap.o"                 #
#                    "C:\Users\Guilherme\Workspace\BR-RTOS                    #
#                    (trunk)\demo\stm32f10x\Debug\Obj\iar_port.o"             #
#                    "C:\Users\Guilherme\Workspace\BR-RTOS                    #
#                    (trunk)\demo\stm32f10x\Debug\Obj\iar_port_asm.o"         #
#                    "C:\Users\Guilherme\Workspace\BR-RTOS                    #
#                    (trunk)\demo\stm32f10x\Debug\Obj\init.o"                 #
#                    "C:\Users\Guilherme\Workspace\BR-RTOS                    #
#                    (trunk)\demo\stm32f10x\Debug\Obj\ipc.o"                  #
#                    "C:\Users\Guilherme\Workspace\BR-RTOS                    #
#                    (trunk)\demo\stm32f10x\Debug\Obj\list.o"                 #
#                    "C:\Users\Guilherme\Workspace\BR-RTOS                    #
#                    (trunk)\demo\stm32f10x\Debug\Obj\misc.o"                 #
#                    "C:\Users\Guilherme\Workspace\BR-RTOS                    #
#                    (trunk)\demo\stm32f10x\Debug\Obj\object.o"               #
#                    "C:\Users\Guilherme\Workspace\BR-RTOS                    #
#                    (trunk)\demo\stm32f10x\Debug\Obj\rtc.o"                  #
#                    "C:\Users\Guilherme\Workspace\BR-RTOS                    #
#                    (trunk)\demo\stm32f10x\Debug\Obj\spi.o"                  #
#                    "C:\Users\Guilherme\Workspace\BR-RTOS                    #
#                    (trunk)\demo\stm32f10x\Debug\Obj\spi_core.o"             #
#                    "C:\Users\Guilherme\Workspace\BR-RTOS                    #
#                    (trunk)\demo\stm32f10x\Debug\Obj\startup.o"              #
#                    "C:\Users\Guilherme\Workspace\BR-RTOS                    #
#                    (trunk)\demo\stm32f10x\Debug\Obj\stm32f10x_adc.o"        #
#                    "C:\Users\Guilherme\Workspace\BR-RTOS                    #
#                    (trunk)\demo\stm32f10x\Debug\Obj\stm32f10x_bkp.o"        #
#                    "C:\Users\Guilherme\Workspace\BR-RTOS                    #
#                    (trunk)\demo\stm32f10x\Debug\Obj\stm32f10x_can.o"        #
#                    "C:\Users\Guilherme\Workspace\BR-RTOS                    #
#                    (trunk)\demo\stm32f10x\Debug\Obj\stm32f10x_cec.o"        #
#                    "C:\Users\Guilherme\Workspace\BR-RTOS                    #
#                    (trunk)\demo\stm32f10x\Debug\Obj\stm32f10x_crc.o"        #
#                    "C:\Users\Guilherme\Workspace\BR-RTOS                    #
#                    (trunk)\demo\stm32f10x\Debug\Obj\stm32f10x_dac.o"        #
#                    "C:\Users\Guilherme\Workspace\BR-RTOS                    #
#                    (trunk)\demo\stm32f10x\Debug\Obj\stm32f10x_dbgmcu.o"     #
#                    "C:\Users\Guilherme\Workspace\BR-RTOS                    #
#                    (trunk)\demo\stm32f10x\Debug\Obj\stm32f10x_dma.o"        #
#                    "C:\Users\Guilherme\Workspace\BR-RTOS                    #
#                    (trunk)\demo\stm32f10x\Debug\Obj\stm32f10x_exti.o"       #
#                    "C:\Users\Guilherme\Workspace\BR-RTOS                    #
#                    (trunk)\demo\stm32f10x\Debug\Obj\stm32f10x_flash.o"      #
#                    "C:\Users\Guilherme\Workspace\BR-RTOS                    #
#                    (trunk)\demo\stm32f10x\Debug\Obj\stm32f10x_fsmc.o"       #
#                    "C:\Users\Guilherme\Workspace\BR-RTOS                    #
#                    (trunk)\demo\stm32f10x\Debug\Obj\stm32f10x_gpio.o"       #
#                    "C:\Users\Guilherme\Workspace\BR-RTOS                    #
#                    (trunk)\demo\stm32f10x\Debug\Obj\stm32f10x_i2c.o"        #
#                    "C:\Users\Guilherme\Workspace\BR-RTOS                    #
#                    (trunk)\demo\stm32f10x\Debug\Obj\stm32f10x_it.o"         #
#                    "C:\Users\Guilherme\Workspace\BR-RTOS                    #
#                    (trunk)\demo\stm32f10x\Debug\Obj\stm32f10x_iwdg.o"       #
#                    "C:\Users\Guilherme\Workspace\BR-RTOS                    #
#                    (trunk)\demo\stm32f10x\Debug\Obj\stm32f10x_pwr.o"        #
#                    "C:\Users\Guilherme\Workspace\BR-RTOS                    #
#                    (trunk)\demo\stm32f10x\Debug\Obj\stm32f10x_rcc.o"        #
#                    "C:\Users\Guilherme\Workspace\BR-RTOS                    #
#                    (trunk)\demo\stm32f10x\Debug\Obj\stm32f10x_rtc.o"        #
#                    "C:\Users\Guilherme\Workspace\BR-RTOS                    #
#                    (trunk)\demo\stm32f10x\Debug\Obj\stm32f10x_sdio.o"       #
#                    "C:\Users\Guilherme\Workspace\BR-RTOS                    #
#                    (trunk)\demo\stm32f10x\Debug\Obj\stm32f10x_spi.o"        #
#                    "C:\Users\Guilherme\Workspace\BR-RTOS                    #
#                    (trunk)\demo\stm32f10x\Debug\Obj\stm32f10x_tim.o"        #
#                    "C:\Users\Guilherme\Workspace\BR-RTOS                    #
#                    (trunk)\demo\stm32f10x\Debug\Obj\stm32f10x_usart.o"      #
#                    "C:\Users\Guilherme\Workspace\BR-RTOS                    #
#                    (trunk)\demo\stm32f10x\Debug\Obj\stm32f10x_wwdg.o"       #
#                    "C:\Users\Guilherme\Workspace\BR-RTOS                    #
#                    (trunk)\demo\stm32f10x\Debug\Obj\system_stm32f10x.o"     #
#                    "C:\Users\Guilherme\Workspace\BR-RTOS                    #
#                    (trunk)\demo\stm32f10x\Debug\Obj\task.o"                 #
#                    "C:\Users\Guilherme\Workspace\BR-RTOS                    #
#                    (trunk)\demo\stm32f10x\Debug\Obj\timer.o"                #
#                    "C:\Users\Guilherme\Workspace\BR-RTOS                    #
#                    (trunk)\demo\stm32f10x\Debug\Obj\usart.o" -o             #
#                    "C:\Users\Guilherme\Workspace\BR-RTOS                    #
#                    (trunk)\demo\stm32f10x\Debug\Exe\demo.out" --map         #
#                    "C:\Users\Guilherme\Workspace\BR-RTOS                    #
#                    (trunk)\demo\stm32f10x\Debug\List\demo.map" --config     #
#                    "C:\Users\Guilherme\Workspace\BR-RTOS                    #
#                    (trunk)\demo\stm32f10x\demo.icf" --semihosting --entry   #
#                    __iar_program_start --vfe                                #
#                                                                             #
#                                                                             #
###############################################################################

*******************************************************************************
*** RUNTIME MODEL ATTRIBUTES
***

CppFlavor       = *
__SystemLibrary = DLib


*******************************************************************************
*** PLACEMENT SUMMARY
***

"A1":  place at 0x08000000 { ro section .intvec };
"P1":  place in [from 0x08000000 to 0x0801fbff] { ro };
"P2":  place in [from 0x20000000 to 0x20001fff] { rw, block CSTACK, block HEAP };

  Section            Kind        Address    Size  Object
  -------            ----        -------    ----  ------
"A1":                                      0x130
  .intvec            const    0x08000000   0x130  stm32f10x_it.o [1]
                            - 0x08000130   0x130

"P1":                                     0x23e8
  .text              ro code  0x08000130   0x31c  usart.o [1]
  .text              ro code  0x0800044c   0x216  stm32f10x_usart.o [1]
  .text              ro code  0x08000662    0x22  zero_init3.o [4]
  .text              ro code  0x08000684   0x188  stm32f10x_rcc.o [1]
  .text              ro code  0x0800080c    0xd8  stm32f10x_gpio.o [1]
  .text              ro code  0x080008e4    0x78  misc.o [1]
  .text              ro code  0x0800095c   0x188  device.o [1]
  .text              ro code  0x08000ae4    0x6a  list.o [1]
  .text              ro code  0x08000b50   0x150  iar_port.o [1]
  .text              ro code  0x08000ca0    0x6c  object.o [1]
  .text              ro code  0x08000d0c    0x2a  strncmp.o [3]
  CODE               ro code  0x08000d38    0x78  iar_port_asm.o [1]
  .text              ro code  0x08000db0   0x314  task.o [1]
  .text              ro code  0x080010c4   0x240  timer.o [1]
  .text              ro code  0x08001304    0x6c  strncpy.o [4]
  .text              ro code  0x08001370    0x4c  heap.o [1]
  .text              ro code  0x080013bc    0x14  task.o [1]
  .text              ro code  0x080013d0    0x66  ABImemset.o [4]
  .text              ro code  0x08001438   0x294  rtc.o [1]
  .text              ro code  0x080016cc   0x22a  spi.o [1]
  .text              ro code  0x080018f8   0x172  spi_core.o [1]
  .text              ro code  0x08001a6c   0x1ac  ipc.o [1]
  .text              ro code  0x08001c18   0x224  gpio.o [1]
  .text              ro code  0x08001e3c   0x128  AT25DB161D.o [1]
  .text              ro code  0x08001f64   0x120  demo.o [1]
  .text              ro code  0x08002084    0x36  strlen.o [4]
  .text              ro code  0x080020ba    0xa0  packbits_init3.o [4]
  .text              ro code  0x0800215c    0x5e  startup.o [1]
  .text              ro code  0x080021ba    0x14  init.o [1]
  .text              ro code  0x080021ce    0x20  board.o [1]
  .text              ro code  0x080021f0    0x2c  data_init3.o [4]
  .iar.init_table    const    0x0800221c    0x2c  - Linker created -
  .rodata            const    0x08002248    0x1c  AT25DB161D.o [1]
  .text              ro code  0x08002264    0x16  stm32f10x_it.o [1]
  .text              ro code  0x0800227c    0x16  cmain.o [4]
  .text              ro code  0x08002292     0x4  low_level_init.o [3]
  .text              ro code  0x08002296     0x4  exit.o [3]
  .text              ro code  0x0800229c     0xa  cexit.o [4]
  .text              ro code  0x080022a8    0x14  exit.o [5]
  .rodata            const    0x080022bc     0xc  demo.o [1]
  .rodata            const    0x080022c8     0xc  demo.o [1]
  .rodata            const    0x080022d4     0xc  spi.o [1]
  .rodata            const    0x080022e0     0xc  startup.o [1]
  .text              ro code  0x080022ec     0xc  cstartup_M.o [4]
  .rodata            const    0x080022f8     0x8  AT25DB161D.o [1]
  .rodata            const    0x08002300     0x8  AT25DB161D.o [1]
  .rodata            const    0x08002308     0x8  demo.o [1]
  .rodata            const    0x08002310     0x8  demo.o [1]
  .rodata            const    0x08002318     0x8  demo.o [1]
  .rodata            const    0x08002320     0x8  demo.o [1]
  .rodata            const    0x08002328     0x8  demo.o [1]
  .rodata            const    0x08002330     0x8  demo.o [1]
  .rodata            const    0x08002338     0x8  gpio.o [1]
  .rodata            const    0x08002340     0x8  gpio.o [1]
  .rodata            const    0x08002348     0x8  gpio.o [1]
  .rodata            const    0x08002350     0x8  gpio.o [1]
  .rodata            const    0x08002358     0x8  gpio.o [1]
  .rodata            const    0x08002360     0x8  gpio.o [1]
  .rodata            const    0x08002368     0x8  gpio.o [1]
  .rodata            const    0x08002370     0x8  gpio.o [1]
  .rodata            const    0x08002378     0x8  spi.o [1]
  .rodata            const    0x08002380     0x8  spi.o [1]
  .rodata            const    0x08002388     0x8  startup.o [1]
  .rodata            const    0x08002390     0x8  usart.o [1]
  .rodata            const    0x08002398     0x8  usart.o [1]
  .rodata            const    0x080023a0     0x8  usart.o [1]
  .rodata            const    0x080023a8     0x4  gpio.o [1]
  .rodata            const    0x080023ac     0x4  spi.o [1]
  .rodata            const    0x080023b0     0x0  bwt_init3c.o [4]
  Initializer bytes  ro data  0x080023b0   0x165  <for P2 s0>
                            - 0x08002515  0x23e5

"P2", part 1 of 3:                         0x414
  P2 s0                       0x20000000   0x411  <Init block>
    .data            inited   0x20000000    0x7c  spi.o [1]
    .data            inited   0x2000007c    0x50  AT25DB161D.o [1]
    .data            inited   0x200000cc    0x44  gpio.o [1]
    .data            inited   0x20000110    0x44  gpio.o [1]
    .data            inited   0x20000154    0x44  gpio.o [1]
    .data            inited   0x20000198    0x44  gpio.o [1]
    .data            inited   0x200001dc    0x44  gpio.o [1]
    .data            inited   0x20000220    0x44  gpio.o [1]
    .data            inited   0x20000264    0x44  gpio.o [1]
    .data            inited   0x200002a8    0x44  rtc.o [1]
    .data            inited   0x200002ec    0x44  usart.o [1]
    .data            inited   0x20000330    0x44  usart.o [1]
    .data            inited   0x20000374    0x44  usart.o [1]
    .data            inited   0x200003b8    0x10  stm32f10x_rcc.o [1]
    .data            inited   0x200003c8    0x10  usart.o [1]
    .data            inited   0x200003d8    0x10  usart.o [1]
    .data            inited   0x200003e8    0x10  usart.o [1]
    .data            inited   0x200003f8     0xc  rtc.o [1]
    .data            inited   0x20000404     0x4  heap.o [1]
    .data            inited   0x20000408     0x4  heap.o [1]
    .data            inited   0x2000040c     0x4  stm32f10x_rcc.o [1]
    .data            inited   0x20000410     0x1  task.o [1]
                            - 0x20000411   0x411

"P2", part 2 of 3:                         0x9f4
  .bss               zero     0x20000414   0x800  heap.o [1]
  .bss               zero     0x20000c14    0x64  usart.o [1]
  .bss               zero     0x20000c78    0x64  usart.o [1]
  .bss               zero     0x20000cdc    0x64  usart.o [1]
  .bss               zero     0x20000d40    0x28  device.o [1]
  .bss               zero     0x20000d68    0x28  task.o [1]
  .bss               zero     0x20000d90    0x20  object.o [1]
  .bss               zero     0x20000db0     0x8  AT25DB161D.o [1]
  .bss               zero     0x20000db8     0x8  task.o [1]
  .bss               zero     0x20000dc0     0x8  task.o [1]
  .bss               zero     0x20000dc8     0x8  timer.o [1]
  .bss               zero     0x20000dd0     0x8  timer.o [1]
  .bss               zero     0x20000dd8     0x4  demo.o [1]
  .bss               zero     0x20000ddc     0x4  demo.o [1]
  .bss               zero     0x20000de0     0x4  demo.o [1]
  .bss               zero     0x20000de4     0x4  demo.o [1]
  .bss               zero     0x20000de8     0x4  demo.o [1]
  .bss               zero     0x20000dec     0x4  demo.o [1]
  .bss               zero     0x20000df0     0x4  demo.o [1]
  .bss               zero     0x20000df4     0x4  rtc.o [1]
  .bss               zero     0x20000df8     0x4  task.o [1]
  .bss               zero     0x20000dfc     0x4  timer.o [1]
  .bss               zero     0x20000e00     0x1  iar_port.o [1]
                            - 0x20000e01   0x9ed

"P2", part 3 of 3:                         0x800
  CSTACK                      0x20000e08   0x800  <Block>
    CSTACK           uninit   0x20000e08   0x800  <Block tail>
                            - 0x20001608   0x800


*******************************************************************************
*** INIT TABLE
***

          Address     Size
          -------     ----
Zero (__iar_zero_init3)
    1 destination range, total size 0x9ed:
          0x20000414  0x9ed

Copy/packbits (__iar_packbits_init3)
    1 source range, total size 0x165 (34% of destination):
          0x080023b0  0x165
    1 destination range, total size 0x411:
          0x20000000  0x411



*******************************************************************************
*** MODULE SUMMARY
***

    Module             ro code  ro data  rw data
    ------             -------  -------  -------
C:\Users\Guilherme\Workspace\BR-RTOS (trunk)\demo\stm32f10x\Debug\Obj: [1]
    AT25DB161D.o           296       71       88
    board.o                 32
    demo.o                 288       72       28
    device.o               392                40
    gpio.o                 548      232      476
    heap.o                  76        3    2 056
    iar_port.o             336                 1
    iar_port_asm.o         120
    init.o                  20
    ipc.o                  428
    list.o                 106
    misc.o                 120
    object.o               108                32
    rtc.o                  660       27       84
    spi.o                  554       74      124
    spi_core.o             370
    startup.o               94       20
    stm32f10x_gpio.o       216
    stm32f10x_it.o          22      304
    stm32f10x_rcc.o        392        6       20
    stm32f10x_usart.o      534
    task.o                 808        1       61
    timer.o                576                20
    usart.o                796      111      552
    --------------------------------------------
    Total:               7 892      921    3 582

command line: [2]
    --------------------------------------------
    Total:

dl7M_tln.a: [3]
    exit.o                   4
    low_level_init.o         4
    strncmp.o               42
    --------------------------------------------
    Total:                  50

rt7M_tl.a: [4]
    ABImemset.o            102
    bwt_init3c.o
    cexit.o                 10
    cmain.o                 22
    cstartup_M.o            12
    data_init3.o            44
    packbits_init3.o       160
    strlen.o                54
    strncpy.o              108
    zero_init3.o            34
    --------------------------------------------
    Total:                 546

shb_l.a: [5]
    exit.o                  20
    --------------------------------------------
    Total:                  20

    Gaps                    20
    Linker created                   44    2 048
------------------------------------------------
    Grand Total:         8 528      965    5 630


*******************************************************************************
*** ENTRY LIST
***

Entry                      Address   Size  Type      Object
-----                      -------   ----  ----      ------
?main                   0x0800227d         Code  Gb  cmain.o [4]
ADCPrescTable           0x2000040c    0x4  Data  Lc  stm32f10x_rcc.o [1]
APBAHBPrescTable        0x200003b8   0x10  Data  Lc  stm32f10x_rcc.o [1]
AT25DB161DInit          0x08001f1f   0x2e  Code  Gb  AT25DB161D.o [1]
BR_AppInit              0x08001fe3   0x58  Code  Gb  demo.o [1]
BR_DeviceFind           0x08000a1d   0x66  Code  Gb  device.o [1]
BR_DeviceOpen           0x08000a89   0x2a  Code  Gb  device.o [1]
BR_DeviceRegister       0x080009bd   0x60  Code  Gb  device.o [1]
BR_DeviceWrite          0x08000ab5   0x30  Code  Gb  device.o [1]
BR_IpcMutexAcquire      0x08001aed   0xb2  Code  Gb  ipc.o [1]
BR_IpcMutexCreate       0x08001aad   0x40  Code  Gb  ipc.o [1]
BR_IpcMutexInit         0x08001a6d   0x3e  Code  Gb  ipc.o [1]
BR_IpcMutexRelease      0x08001ba1   0x74  Code  Gb  ipc.o [1]
BR_MemAlloc             0x08001371   0x4c  Code  Gb  heap.o [1]
BR_SpiAttach            0x0800197d   0x40  Code  Gb  spi_core.o [1]
BR_SpiBusRegister       0x080018f9   0x46  Code  Gb  spi_core.o [1]
BR_SpiDeviceRegister    0x08001941   0x3c  Code  Gb  spi_core.o [1]
BR_SpiReceive           0x08001a5d    0xe  Code  Gb  spi_core.o [1]
BR_SpiSend              0x08001a51    0xc  Code  Gb  spi_core.o [1]
BR_SpiTransfer          0x080019bd   0x94  Code  Gb  spi_core.o [1]
BR_TaskCreate           0x08000f1d   0xd6  Code  Gb  task.o [1]
BR_TaskResume           0x08001029   0x4a  Code  Gb  task.o [1]
BR_TaskSuspend          0x08000ff3   0x36  Code  Gb  task.o [1]
BR_TaskWait             0x08001073   0x3e  Code  Gb  task.o [1]
BR_TimerControl         0x0800120d   0xb2  Code  Gb  timer.o [1]
BR_TimerCreate          0x08001199   0x74  Code  Gb  timer.o [1]
BR_TimerStart           0x080012c1   0x38  Code  Gb  timer.o [1]
BusFault_Handler        0x08002275    0x2  Code  Gb  stm32f10x_it.o [1]
CSTACK$$Base            0x20000e08          --   Gb  - Linker created -
CSTACK$$Limit           0x20001608          --   Gb  - Linker created -
DebugMon_Handler        0x08002279    0x2  Code  Gb  stm32f10x_it.o [1]
GPIO_Init               0x0800080d   0xcc  Code  Gb  stm32f10x_gpio.o [1]
GPIO_ResetBits          0x080008df    0x6  Code  Gb  stm32f10x_gpio.o [1]
GPIO_SetBits            0x080008d9    0x6  Code  Gb  stm32f10x_gpio.o [1]
HardFault_Handler       0x08002269    0xa  Code  Gb  stm32f10x_it.o [1]
MemManage_Handler       0x08002273    0x2  Code  Gb  stm32f10x_it.o [1]
MyTask1                 0x08001fa1   0x42  Code  Lc  demo.o [1]
NMI_Handler             0x08002265    0x2  Code  Gb  stm32f10x_it.o [1]
NVIC_Init               0x080008e5   0x66  Code  Gb  misc.o [1]
NVIC_SetPriority        0x08000b51   0x22  Code  Lc  iar_port.o [1]
Print                   0x08001f65   0x30  Code  Lc  demo.o [1]
RCC_APB1PeriphClockCmd  0x0800077b   0x20  Code  Gb  stm32f10x_rcc.o [1]
RCC_APB1PeriphResetCmd  0x080007bb   0x20  Code  Gb  stm32f10x_rcc.o [1]
RCC_APB2PeriphClockCmd  0x0800075b   0x20  Code  Gb  stm32f10x_rcc.o [1]
RCC_APB2PeriphResetCmd  0x0800079b   0x20  Code  Gb  stm32f10x_rcc.o [1]
RCC_GetClocksFreq       0x08000699   0xc2  Code  Gb  stm32f10x_rcc.o [1]
RCC_RTCCLKCmd           0x08000691    0x8  Code  Gb  stm32f10x_rcc.o [1]
RCC_RTCCLKConfig        0x08000685    0xc  Code  Gb  stm32f10x_rcc.o [1]
Region$$Table$$Base     0x0800221c          --   Gb  - Linker created -
Region$$Table$$Limit    0x08002248          --   Gb  - Linker created -
SysTick_Config          0x08000b73   0x30  Code  Lc  iar_port.o [1]
Task1OnTimeout          0x08001f95    0xa  Code  Lc  demo.o [1]
USART_ClockInit         0x080005ad   0x24  Code  Gb  stm32f10x_usart.o [1]
USART_Cmd               0x080005d1   0x1c  Code  Gb  stm32f10x_usart.o [1]
USART_DeInit            0x0800044d   0x8e  Code  Gb  stm32f10x_usart.o [1]
USART_GetFlagStatus     0x08000647   0x1c  Code  Gb  stm32f10x_usart.o [1]
USART_ITConfig          0x080005ed   0x52  Code  Gb  stm32f10x_usart.o [1]
USART_Init              0x080004db   0xbe  Code  Gb  stm32f10x_usart.o [1]
USART_SendData          0x0800063f    0x8  Code  Gb  stm32f10x_usart.o [1]
UsageFault_Handler      0x08002277    0x2  Code  Gb  stm32f10x_it.o [1]
__AT25DB161DBlockErase  0x08001ec7    0x4  Code  Lc  AT25DB161D.o [1]
__AT25DB161DChipErase   0x08001ecf    0x4  Code  Lc  AT25DB161D.o [1]
__AT25DB161DControl     0x08001e95   0x2e  Code  Lc  AT25DB161D.o [1]
__AT25DB161DDeepPowerDown
                        0x08001ed3    0x4  Code  Lc  AT25DB161D.o [1]
__AT25DB161DGetManufactureID
                        0x08001edd   0x42  Code  Lc  AT25DB161D.o [1]
__AT25DB161DPageErase   0x08001ec3    0x4  Code  Lc  AT25DB161D.o [1]
__AT25DB161DRead        0x08001e3d   0x52  Code  Lc  AT25DB161D.o [1]
__AT25DB161DSegmentErase
                        0x08001ecb    0x4  Code  Lc  AT25DB161D.o [1]
__AT25DB161DWakeUp      0x08001ed7    0x4  Code  Lc  AT25DB161D.o [1]
__AT25DB161DWrite       0x08001e8f    0x4  Code  Lc  AT25DB161D.o [1]
__BR_BoardInit          0x080021d3   0x1c  Code  Gb  board.o [1]
__BR_DeviceInitAll      0x0800097d   0x40  Code  Gb  device.o [1]
__BR_DeviceStartUpInit  0x0800095d   0x20  Code  Gb  device.o [1]
__BR_GpioStartUpInit    0x08001d85   0x76  Code  Gb  gpio.o [1]
__BR_IdleTask           0x08000db1    0x2  Code  Gb  task.o [1]
__BR_InitKernel         0x080021bb   0x14  Code  Gb  init.o [1]
__BR_ListInit           0x08000ae5    0xc  Code  Gb  list.o [1]
__BR_ListInsertAfter    0x08000af1   0x1a  Code  Gb  list.o [1]
__BR_ListInsertBefore   0x08000b0d   0x1a  Code  Gb  list.o [1]
__BR_ListIsEmpty        0x08000b41    0xe  Code  Gb  list.o [1]
__BR_ListRemove         0x08000b29   0x18  Code  Gb  list.o [1]
__BR_NvicConfig         0x080021d1    0x2  Code  Lc  board.o [1]
__BR_ObjectInit         0x08000cc1   0x46  Code  Gb  object.o [1]
__BR_ObjectStartUpInit  0x08000ca1   0x20  Code  Gb  object.o [1]
__BR_PortDisableInterrupts
                        0x08000d73         Code  Gb  iar_port_asm.o [1]
__BR_PortEnableInterrupts
                        0x08000d6f         Code  Gb  iar_port_asm.o [1]
__BR_PortEnterCritical  0x08000c41   0x12  Code  Gb  iar_port.o [1]
__BR_PortExitCritical   0x08000c53   0x22  Code  Gb  iar_port.o [1]
__BR_PortInitStack      0x08000ba3   0x5e  Code  Gb  iar_port.o [1]
__BR_PortPendSVCHandler
                        0x08000d39         Code  Gb  iar_port_asm.o [1]
__BR_PortSVCHandler     0x08000d7d         Code  Gb  iar_port_asm.o [1]
__BR_PortSchedulerStart
                        0x08000c01   0x1a  Code  Gb  iar_port.o [1]
__BR_PortSetBasePriorityMask
                        0x08000d77         Code  Gb  iar_port_asm.o [1]
__BR_PortStartFirstTask
                        0x08000d99         Code  Gb  iar_port_asm.o [1]
__BR_PortSysTickHandler
                        0x08000c29   0x18  Code  Gb  iar_port.o [1]
__BR_PortYield          0x08000c1b    0xe  Code  Gb  iar_port.o [1]
__BR_RccConfig          0x080021cf    0x2  Code  Lc  board.o [1]
__BR_RtcInit            0x080015db   0x64  Code  Gb  rtc.o [1]
__BR_RtcIsr             0x0800163f   0x54  Code  Gb  rtc.o [1]
__BR_Spi1Isr            0x080018f1    0x2  Code  Gb  spi.o [1]
__BR_Spi2Isr            0x080018f3    0x2  Code  Gb  spi.o [1]
__BR_Spi3Isr            0x080018f5    0x2  Code  Gb  spi.o [1]
__BR_SpiStartUpInit     0x080018b9   0x1c  Code  Gb  spi.o [1]
__BR_StartUp            0x0800215d   0x3c  Code  Lc  startup.o [1]
__BR_TaskStartScheduler
                        0x08000de5   0x72  Code  Gb  task.o [1]
__BR_TaskStartUpInit    0x08000db3   0x32  Code  Gb  task.o [1]
__BR_TaskSwitch         0x08000e59   0x5e  Code  Gb  task.o [1]
__BR_TaskTickUpdate     0x08000eb7   0x64  Code  Gb  task.o [1]
__BR_TimerDecrement     0x080010d5   0x6e  Code  Gb  timer.o [1]
__BR_TimerStartUpInit   0x080010c5   0x10  Code  Gb  timer.o [1]
__BR_TimerTask          0x08001143   0x56  Code  Gb  timer.o [1]
__BR_UsartInit          0x08000323   0xd4  Code  Gb  usart.o [1]
__BR_UsartIsr1          0x080003f7    0xa  Code  Gb  usart.o [1]
__BR_UsartIsr2          0x08000401    0xa  Code  Gb  usart.o [1]
__BR_UsartIsr3          0x0800040b    0xa  Code  Gb  usart.o [1]
__GpioControl           0x08001ce1   0xa4  Code  Lc  gpio.o [1]
__GpioRead              0x08001c19   0x66  Code  Lc  gpio.o [1]
__GpioWrite             0x08001c81   0x60  Code  Lc  gpio.o [1]
__RtcControl            0x080014e5   0xf6  Code  Lc  rtc.o [1]
__RtcEnterConfigMode    0x080014c7    0xe  Code  Lc  rtc.o [1]
__RtcExitConfigMode     0x080014d5   0x10  Code  Lc  rtc.o [1]
__RtcNvicConfig         0x0800148d   0x22  Code  Lc  rtc.o [1]
__RtcRccConfig          0x08001439   0x54  Code  Lc  rtc.o [1]
__RtcWaitWriteOp        0x080014b1   0x16  Code  Lc  rtc.o [1]
__SpiConfigure          0x08001769   0xa2  Code  Lc  spi.o [1]
__SpiControl            0x08001765    0x4  Code  Lc  spi.o [1]
__SpiDmaConfig          0x0800175f    0x2  Code  Lc  spi.o [1]
__SpiGpioConfig         0x080016eb   0x52  Code  Lc  spi.o [1]
__SpiInit               0x08001761    0x4  Code  Lc  spi.o [1]
__SpiNvicConfig         0x0800173d   0x22  Code  Lc  spi.o [1]
__SpiRccConfig          0x080016cd   0x1e  Code  Lc  spi.o [1]
__SpiTransfer           0x0800180d   0xac  Code  Lc  spi.o [1]
__UsartClose            0x08000149   0x16  Code  Lc  usart.o [1]
__UsartControl          0x080001d9    0x4  Code  Lc  usart.o [1]
__UsartDmaConfig        0x080002f1    0x2  Code  Lc  usart.o [1]
__UsartGpioConfig       0x0800020f   0xa8  Code  Lc  usart.o [1]
__UsartIsr              0x080002f3   0x30  Code  Lc  usart.o [1]
__UsartNvicConfig       0x080002b7   0x3a  Code  Lc  usart.o [1]
__UsartOpen             0x08000131   0x16  Code  Lc  usart.o [1]
__UsartRccConfig        0x080001dd   0x32  Code  Lc  usart.o [1]
__UsartRead             0x08000161   0x40  Code  Lc  usart.o [1]
__UsartWrite            0x080001a1   0x38  Code  Lc  usart.o [1]
__aeabi_memset          0x080013d1         Code  Gb  ABImemset.o [4]
__cmain                 0x0800227d         Code  Gb  cmain.o [4]
__exit                  0x080022a9   0x14  Code  Gb  exit.o [5]
__iar_Memset            0x080013d1         Code  Gb  ABImemset.o [4]
__iar_Memset_word       0x080013d9         Code  Gb  ABImemset.o [4]
__iar_SB                0x080023b0         Data  Gb  bwt_init3c.o [4]
__iar_data_init3        0x080021f1   0x2c  Code  Gb  data_init3.o [4]
__iar_packbits_init3    0x080020bb   0xa0  Code  Gb  packbits_init3.o [4]
__iar_program_start     0x080022ed         Code  Gb  cstartup_M.o [4]
__iar_zero_init3        0x08000663   0x22  Code  Gb  zero_init3.o [4]
__low_level_init        0x08002293    0x4  Code  Gb  low_level_init.o [3]
__vector_table          0x08000000  0x130  Data  Gb  stm32f10x_it.o [1]
_call_main              0x08002289         Code  Gb  cmain.o [4]
_exit                   0x0800229d         Code  Gb  cexit.o [4]
_main                   0x0800228f         Code  Gb  cmain.o [4]
at25db161dSpiDevice     0x2000007c   0x50  Data  Lc  AT25DB161D.o [1]
buffer                  0x20000db0    0x8  Data  Lc  AT25DB161D.o [1]
bytesFree               0x20000408    0x4  Data  Lc  heap.o [1]
criticalCount           0x20000e00    0x1  Data  Lc  iar_port.o [1]
currentPriority         0x20000410    0x1  Data  Lc  task.o [1]
deviceTable             0x20000d40   0x28  Data  Lc  device.o [1]
exit                    0x08002297    0x4  Code  Gb  exit.o [3]
expiredTimers           0x20000dd0    0x8  Data  Lc  timer.o [1]
flash                   0x20000dec    0x4  Data  Gb  demo.o [1]
gpioA                   0x20000de8    0x4  Data  Gb  demo.o [1]
gpioA                   0x200000cc   0x44  Data  Lc  gpio.o [1]
gpioB                   0x20000110   0x44  Data  Lc  gpio.o [1]
gpioC                   0x20000154   0x44  Data  Lc  gpio.o [1]
gpioD                   0x20000198   0x44  Data  Lc  gpio.o [1]
gpioE                   0x200001dc   0x44  Data  Lc  gpio.o [1]
gpioF                   0x20000220   0x44  Data  Lc  gpio.o [1]
gpioFunc                0x08002370    0x8  Data  Lc  gpio.o [1]
gpioG                   0x20000264   0x44  Data  Lc  gpio.o [1]
gpioSpeed               0x080023a8    0x4  Data  Lc  gpio.o [1]
heap                    0x20000414  0x800  Data  Lc  heap.o [1]
ioctlHandler            0x08002248   0x1c  Data  Lc  AT25DB161D.o [1]
main                    0x080021ad    0xe  Code  Gb  startup.o [1]
memset                  0x080013bd   0x14  Code  Gb  task.o [1]
nextFreeByte            0x20000404    0x4  Data  Lc  heap.o [1]
objList                 0x20000d90   0x20  Data  Lc  object.o [1]
priorityTable           0x20000d68   0x28  Data  Lc  task.o [1]
rtc                     0x20000de4    0x4  Data  Gb  demo.o [1]
rtc                     0x200002a8   0x44  Data  Lc  rtc.o [1]
rtcAlarmCallback        0x20000df4    0x4  Data  Lc  rtc.o [1]
rtcClockConfig          0x200003f8    0xc  Data  Lc  rtc.o [1]
runningTask             0x20000df8    0x4  Data  Gb  task.o [1]
runningTimers           0x20000dc8    0x8  Data  Lc  timer.o [1]
spi1                    0x080022d4    0xc  Data  Lc  spi.o [1]
spi1Bus                 0x20000000   0x7c  Data  Lc  spi.o [1]
spiBaudRate             0x08002380    0x8  Data  Lc  spi.o [1]
spiMode                 0x080023ac    0x4  Data  Lc  spi.o [1]
strlen                  0x08002085         Code  Gb  strlen.o [4]
strncmp                 0x08000d0d   0x2a  Code  Gb  strncmp.o [3]
strncpy                 0x08001305         Code  Gb  strncpy.o [4]
suspendedTaskList       0x20000db8    0x8  Data  Lc  task.o [1]
task1                   0x20000dd8    0x4  Data  Gb  demo.o [1]
terminal                0x20000de0    0x4  Data  Gb  demo.o [1]
timer1                  0x20000df0    0x4  Data  Gb  demo.o [1]
timerTask               0x20000dfc    0x4  Data  Gb  timer.o [1]
tmutex                  0x20000ddc    0x4  Data  Gb  demo.o [1]
usart1                  0x200002ec   0x44  Data  Lc  usart.o [1]
usart1Ctrl              0x200003c8   0x10  Data  Lc  usart.o [1]
usart1RxBuffer          0x20000c14   0x64  Data  Lc  usart.o [1]
usart2                  0x20000330   0x44  Data  Lc  usart.o [1]
usart2Ctrl              0x200003d8   0x10  Data  Lc  usart.o [1]
usart2RxBuffer          0x20000c78   0x64  Data  Lc  usart.o [1]
usart3                  0x20000374   0x44  Data  Lc  usart.o [1]
usart3Ctrl              0x200003e8   0x10  Data  Lc  usart.o [1]
usart3RxBuffer          0x20000cdc   0x64  Data  Lc  usart.o [1]
waitingTaskList         0x20000dc0    0x8  Data  Lc  task.o [1]


[1] = C:\Users\Guilherme\Workspace\BR-RTOS (trunk)\demo\stm32f10x\Debug\Obj
[2] = command line
[3] = dl7M_tln.a
[4] = rt7M_tl.a
[5] = shb_l.a

  8 528 bytes of readonly  code memory
    965 bytes of readonly  data memory
  5 630 bytes of readwrite data memory

Errors: none
Warnings: none
