###############################################################################
#                                                                             #
# IAR ELF Linker V6.30.1.53127/W32 for ARM              02/Aug/2012  15:05:46 #
# Copyright 2007-2011 IAR Systems AB.                                         #
#                                                                             #
#    Output file  =  C:\Users\Guilherme\Workspace\BR-RTOS                     #
#                    (trunk)\demo\stm32f10x\Debug\Exe\demo.out                #
#    Map file     =  C:\Users\Guilherme\Workspace\BR-RTOS                     #
#                    (trunk)\demo\stm32f10x\Debug\List\demo.map               #
#    Command line =  "C:\Users\Guilherme\Workspace\BR-RTOS                    #
#                    (trunk)\demo\stm32f10x\Debug\Obj\board.o"                #
#                    "C:\Users\Guilherme\Workspace\BR-RTOS                    #
#                    (trunk)\demo\stm32f10x\Debug\Obj\demo.o"                 #
#                    "C:\Users\Guilherme\Workspace\BR-RTOS                    #
#                    (trunk)\demo\stm32f10x\Debug\Obj\heap.o"                 #
#                    "C:\Users\Guilherme\Workspace\BR-RTOS                    #
#                    (trunk)\demo\stm32f10x\Debug\Obj\iar_port.o"             #
#                    "C:\Users\Guilherme\Workspace\BR-RTOS                    #
#                    (trunk)\demo\stm32f10x\Debug\Obj\iar_port_asm.o"         #
#                    "C:\Users\Guilherme\Workspace\BR-RTOS                    #
#                    (trunk)\demo\stm32f10x\Debug\Obj\list.o"                 #
#                    "C:\Users\Guilherme\Workspace\BR-RTOS                    #
#                    (trunk)\demo\stm32f10x\Debug\Obj\object.o"               #
#                    "C:\Users\Guilherme\Workspace\BR-RTOS                    #
#                    (trunk)\demo\stm32f10x\Debug\Obj\startup.o"              #
#                    "C:\Users\Guilherme\Workspace\BR-RTOS                    #
#                    (trunk)\demo\stm32f10x\Debug\Obj\stm32f10x_gpio.o"       #
#                    "C:\Users\Guilherme\Workspace\BR-RTOS                    #
#                    (trunk)\demo\stm32f10x\Debug\Obj\stm32f10x_it.o"         #
#                    "C:\Users\Guilherme\Workspace\BR-RTOS                    #
#                    (trunk)\demo\stm32f10x\Debug\Obj\stm32f10x_rcc.o"        #
#                    "C:\Users\Guilherme\Workspace\BR-RTOS                    #
#                    (trunk)\demo\stm32f10x\Debug\Obj\system_stm32f10x.o"     #
#                    "C:\Users\Guilherme\Workspace\BR-RTOS                    #
#                    (trunk)\demo\stm32f10x\Debug\Obj\task.o"                 #
#                    "C:\Users\Guilherme\Workspace\BR-RTOS                    #
#                    (trunk)\demo\stm32f10x\Debug\Obj\timer.o" -o             #
#                    "C:\Users\Guilherme\Workspace\BR-RTOS                    #
#                    (trunk)\demo\stm32f10x\Debug\Exe\demo.out" --map         #
#                    "C:\Users\Guilherme\Workspace\BR-RTOS                    #
#                    (trunk)\demo\stm32f10x\Debug\List\demo.map" --config     #
#                    "C:\Users\Guilherme\Workspace\BR-RTOS                    #
#                    (trunk)\demo\stm32f10x\demo.icf" --semihosting --entry   #
#                    __iar_program_start --vfe                                #
#                                                                             #
#                                                                             #
###############################################################################

*******************************************************************************
*** MESSAGES
***

Error[Li005]: no definition for "__BR_DeviceInit" [referenced from
          C:\Users\Guilherme\Workspace\BR-RTOS
          (trunk)\demo\stm32f10x\Debug\Obj\startup.o]


*******************************************************************************
*** RUNTIME MODEL ATTRIBUTES
***

CppFlavor       = *
__SystemLibrary = DLib


*******************************************************************************
*** PLACEMENT SUMMARY
***

"A1":  place at 0x08000000 { ro section .intvec };
"P1":  place in [from 0x08000000 to 0x0801fbff] { ro };
"P2":  place in [from 0x20000000 to 0x20001fff] { rw, block CSTACK, block HEAP };

  Section            Kind        Address   Size  Object
  -------            ----        -------   ----  ------
"A1":                                     0x130
  .intvec            const    0x08000000  0x130  stm32f10x_it.o [1]
                            - 0x08000130  0x130

"P1":                                     0xcfc
  .text              ro code  0x08000130  0x33c  task.o [1]
  .text              ro code  0x0800046c   0x6a  list.o [1]
  .text              ro code  0x080004d6   0x2e  copy_init3.o [4]
  .text              ro code  0x08000504  0x114  iar_port.o [1]
  CODE               ro code  0x08000618   0x78  iar_port_asm.o [1]
  .text              ro code  0x08000690   0x40  heap.o [1]
  .text              ro code  0x080006d0   0x80  object.o [1]
  .text              ro code  0x08000750   0x14  task.o [1]
  .text              ro code  0x08000764   0x6c  strncpy.o [4]
  .text              ro code  0x080007d0  0x24c  timer.o [1]
  .text              ro code  0x08000a1c   0x66  ABImemset.o [4]
  .text              ro code  0x08000a82   0x22  zero_init3.o [4]
  .text              ro code  0x08000aa4  0x114  demo.o [1]
  .text              ro code  0x08000bb8   0xee  stm32f10x_gpio.o [1]
  .text              ro code  0x08000ca8   0x24  stm32f10x_rcc.o [1]
  .text              ro code  0x08000ccc   0x6a  startup.o [1]
  .text              ro code  0x08000d38   0x2c  data_init3.o [4]
  .iar.init_table    const    0x08000d64   0x24  - Linker created -
  .text              ro code  0x08000d88   0x16  stm32f10x_it.o [1]
  .text              ro code  0x08000da0   0x16  cmain.o [4]
  .text              ro code  0x08000db6    0x4  low_level_init.o [3]
  .text              ro code  0x08000dba    0x4  exit.o [3]
  .text              ro code  0x08000dc0    0xa  cexit.o [4]
  .text              ro code  0x08000dcc   0x14  exit.o [5]
  .rodata            const    0x08000de0    0xc  demo.o [1]
  .rodata            const    0x08000dec    0xc  demo.o [1]
  .rodata            const    0x08000df8    0xc  startup.o [1]
  .text              ro code  0x08000e04    0xc  cstartup_M.o [4]
  .rodata            const    0x08000e10    0x8  demo.o [1]
  .rodata            const    0x08000e18    0x8  startup.o [1]
  .rodata            const    0x08000e20    0x0  bwt_init3c.o [4]
  Initializer bytes  ro data  0x08000e20    0xc  <for P2 s0> (used: 0x0)
                            - 0x08000e2c  0xcfc

"P2", part 1 of 3:                          0xc
  P2 s0                       0x20000000    0xc  <Init block>
    .data            inited   0x20000000    0x4  heap.o [1]
    .data            inited   0x20000004    0x4  heap.o [1]
    .data            inited   0x20000008    0x1  task.o [1]
                            - 0x2000000c    0xc

"P2", part 2 of 3:                        0x47c
  .bss               zero     0x2000000c  0x400  heap.o [1]
  .bss               zero     0x2000040c   0x28  task.o [1]
  .bss               zero     0x20000434   0x20  object.o [1]
  .bss               zero     0x20000454    0x8  task.o [1]
  .bss               zero     0x2000045c    0x8  task.o [1]
  .bss               zero     0x20000464    0x8  timer.o [1]
  .bss               zero     0x2000046c    0x8  timer.o [1]
  .bss               zero     0x20000474    0x4  demo.o [1]
  .bss               zero     0x20000478    0x4  demo.o [1]
  .bss               zero     0x2000047c    0x4  task.o [1]
  .bss               zero     0x20000480    0x4  timer.o [1]
                            - 0x20000484  0x478

"P2", part 3 of 3:                        0x800
  CSTACK                      0x20000488  0x800  <Block>
    CSTACK           uninit   0x20000488  0x800  <Block tail>
                            - 0x20000c88  0x800


*******************************************************************************
*** INIT TABLE
***

          Address     Size
          -------     ----
Zero (__iar_zero_init3)
    1 destination range, total size 0x478:
          0x2000000c  0x478

Copy (__iar_copy_init3)
    1 source range, total size 0xc (133% of destination):
          0x08000e20    0xc
    1 destination range, total size 0x9:
          0x20000000    0x9



*******************************************************************************
*** MODULE SUMMARY
***

    Module            ro code  ro data  rw data
    ------            -------  -------  -------
C:\Users\Guilherme\Workspace\BR-RTOS (trunk)\demo\stm32f10x\Debug\Obj: [1]
    demo.o                276       32        8
    heap.o                 64        8    1 032
    iar_port.o            276
    iar_port_asm.o        120
    list.o                106
    object.o              128                32
    startup.o             106       20
    stm32f10x_gpio.o      238
    stm32f10x_it.o         22      304
    stm32f10x_rcc.o        36
    task.o                848        1       61
    timer.o               588                20
    -------------------------------------------
    Total:              2 808      365    1 153

command line: [2]
    -------------------------------------------
    Total:

dl7M_tln.a: [3]
    exit.o                  4
    low_level_init.o        4
    -------------------------------------------
    Total:                  8

rt7M_tl.a: [4]
    ABImemset.o           102
    bwt_init3c.o
    cexit.o                10
    cmain.o                22
    copy_init3.o           46
    cstartup_M.o           12
    data_init3.o           44
    strncpy.o             108
    zero_init3.o           34
    -------------------------------------------
    Total:                378

shb_l.a: [5]
    exit.o                 20
    -------------------------------------------
    Total:                 20

    Gaps                   10                 3
    Linker created                  39    2 048
-----------------------------------------------
    Grand Total:        3 224      404    3 204


*******************************************************************************
*** ENTRY LIST
***

Entry                      Address   Size  Type      Object
-----                      -------   ----  ----      ------
?main                   0x08000da1         Code  Gb  cmain.o [4]
BR_AppInit              0x08000b67   0x2e  Code  Gb  demo.o [1]
BR_MemAlloc             0x08000691   0x40  Code  Gb  heap.o [1]
BR_TaskCreate           0x08000281  0x10a  Code  Gb  task.o [1]
BR_TaskResume           0x080003bf   0x5c  Code  Gb  task.o [1]
BR_TaskSuspend          0x0800038b   0x34  Code  Gb  task.o [1]
BR_TaskWait             0x0800041b   0x3c  Code  Gb  task.o [1]
BR_TimerControl         0x08000941   0x9a  Code  Gb  timer.o [1]
BR_TimerCreate          0x08000891   0xb0  Code  Gb  timer.o [1]
BR_TimerStart           0x080009dd   0x34  Code  Gb  timer.o [1]
BusFault_Handler        0x08000d99    0x2  Code  Gb  stm32f10x_it.o [1]
CSTACK$$Base            0x20000488          --   Gb  - Linker created -
CSTACK$$Limit           0x20000c88          --   Gb  - Linker created -
DebugMon_Handler        0x08000d9d    0x2  Code  Gb  stm32f10x_it.o [1]
GPIO_Init               0x08000bb9   0xcc  Code  Gb  stm32f10x_gpio.o [1]
GPIO_ReadOutputDataBit  0x08000c85   0x16  Code  Gb  stm32f10x_gpio.o [1]
GPIO_ResetBits          0x08000ca1    0x6  Code  Gb  stm32f10x_gpio.o [1]
GPIO_SetBits            0x08000c9b    0x6  Code  Gb  stm32f10x_gpio.o [1]
HardFault_Handler       0x08000d8d    0xa  Code  Gb  stm32f10x_it.o [1]
MemManage_Handler       0x08000d97    0x2  Code  Gb  stm32f10x_it.o [1]
MyTask1                 0x08000acd   0x52  Code  Gb  demo.o [1]
MyTask2                 0x08000b1f   0x48  Code  Gb  demo.o [1]
NMI_Handler             0x08000d89    0x2  Code  Gb  stm32f10x_it.o [1]
NVIC_SetPriority        0x08000505   0x22  Code  Lc  iar_port.o [1]
RCC_APB2PeriphClockCmd  0x08000ca9   0x20  Code  Gb  stm32f10x_rcc.o [1]
Region$$Table$$Base     0x08000d64          --   Gb  - Linker created -
Region$$Table$$Limit    0x08000d88          --   Gb  - Linker created -
SysTick_Config          0x08000527   0x30  Code  Lc  iar_port.o [1]
Task1OnTimeout          0x08000aa5   0x28  Code  Gb  demo.o [1]
UsageFault_Handler      0x08000d9b    0x2  Code  Gb  stm32f10x_it.o [1]
__BR_IdleTask           0x08000131    0x2  Code  Gb  task.o [1]
__BR_ListInit           0x0800046d    0xc  Code  Gb  list.o [1]
__BR_ListInsertAfter    0x08000479   0x1a  Code  Gb  list.o [1]
__BR_ListInsertBefore   0x08000495   0x1a  Code  Gb  list.o [1]
__BR_ListIsEmpty        0x080004c9    0xe  Code  Gb  list.o [1]
__BR_ListRemove         0x080004b1   0x18  Code  Gb  list.o [1]
__BR_ObjectCreate       0x080006f1   0x5a  Code  Gb  object.o [1]
__BR_ObjectInit         0x080006d1   0x20  Code  Gb  object.o [1]
__BR_PortDisableIRQ     0x08000653         Code  Gb  iar_port_asm.o [1]
__BR_PortEnableIRQ      0x0800064f         Code  Gb  iar_port_asm.o [1]
__BR_PortInitStack      0x08000557   0x5e  Code  Gb  iar_port.o [1]
__BR_PortPendSVCHandler
                        0x08000619         Code  Gb  iar_port_asm.o [1]
__BR_PortSVCHandler     0x0800065d         Code  Gb  iar_port_asm.o [1]
__BR_PortSchedulerStart
                        0x080005b5   0x1a  Code  Gb  iar_port.o [1]
__BR_PortSetBasePriorityMask
                        0x08000657         Code  Gb  iar_port_asm.o [1]
__BR_PortStartFirstTask
                        0x08000679         Code  Gb  iar_port_asm.o [1]
__BR_PortSysTickHandler
                        0x080005dd   0x18  Code  Gb  iar_port.o [1]
__BR_PortYield          0x080005cf    0xe  Code  Gb  iar_port.o [1]
__BR_StartUp            0x08000ccd   0x46  Code  Lc  startup.o [1]
__BR_TaskStartScheduler
                        0x08000161   0x62  Code  Gb  task.o [1]
__BR_TaskSwitch         0x080001c5   0x5e  Code  Gb  task.o [1]
__BR_TaskTickUpdate     0x08000223   0x5c  Code  Gb  task.o [1]
__BR_TasklInit          0x08000133   0x2c  Code  Gb  task.o [1]
__BR_TimerDecrement     0x080007e1   0x62  Code  Gb  timer.o [1]
__BR_TimerInit          0x080007d1   0x10  Code  Gb  timer.o [1]
__BR_TimerTask          0x08000843   0x4e  Code  Gb  timer.o [1]
__aeabi_memset          0x08000a1d         Code  Gb  ABImemset.o [4]
__cmain                 0x08000da1         Code  Gb  cmain.o [4]
__exit                  0x08000dcd   0x14  Code  Gb  exit.o [5]
__iar_Memset            0x08000a1d         Code  Gb  ABImemset.o [4]
__iar_Memset_word       0x08000a25         Code  Gb  ABImemset.o [4]
__iar_SB                0x08000e20         Data  Gb  bwt_init3c.o [4]
__iar_copy_init3        0x080004d7   0x2e  Code  Gb  copy_init3.o [4]
__iar_data_init3        0x08000d39   0x2c  Code  Gb  data_init3.o [4]
__iar_program_start     0x08000e05         Code  Gb  cstartup_M.o [4]
__iar_zero_init3        0x08000a83   0x22  Code  Gb  zero_init3.o [4]
__low_level_init        0x08000db7    0x4  Code  Gb  low_level_init.o [3]
__vector_table          0x08000000  0x130  Data  Gb  stm32f10x_it.o [1]
_call_main              0x08000dad         Code  Gb  cmain.o [4]
_exit                   0x08000dc1         Code  Gb  cexit.o [4]
_main                   0x08000db3         Code  Gb  cmain.o [4]
bytesFree               0x20000004    0x4  Data  Lc  heap.o [1]
currentPriority         0x20000008    0x1  Data  Lc  task.o [1]
exit                    0x08000dbb    0x4  Code  Gb  exit.o [3]
expiredTimers           0x2000046c    0x8  Data  Lc  timer.o [1]
gpioInit                0x20000474    0x4  Data  Gb  demo.o [1]
heap                    0x2000000c  0x400  Data  Lc  heap.o [1]
main                    0x08000d29    0xe  Code  Gb  startup.o [1]
memset                  0x08000751   0x14  Code  Gb  task.o [1]
nextFreeByte            0x20000000    0x4  Data  Lc  heap.o [1]
objList                 0x20000434   0x20  Data  Lc  object.o [1]
priorityTable           0x2000040c   0x28  Data  Lc  task.o [1]
runningTask             0x2000047c    0x4  Data  Gb  task.o [1]
runningTimers           0x20000464    0x8  Data  Lc  timer.o [1]
strncpy                 0x08000765         Code  Gb  strncpy.o [4]
suspendedTaskList       0x20000454    0x8  Data  Lc  task.o [1]
timer1                  0x20000478    0x4  Data  Gb  demo.o [1]
timerTask               0x20000480    0x4  Data  Gb  timer.o [1]
waitingTaskList         0x2000045c    0x8  Data  Lc  task.o [1]


[1] = C:\Users\Guilherme\Workspace\BR-RTOS (trunk)\demo\stm32f10x\Debug\Obj
[2] = command line
[3] = dl7M_tln.a
[4] = rt7M_tl.a
[5] = shb_l.a

  3 224 bytes of readonly  code memory
    404 bytes of readonly  data memory
  3 204 bytes of readwrite data memory

Errors: 1
Warnings: none
